Component: ARM Compiler 5.06 (build 20) Tool: armlink [4d35a3]

==============================================================================

Section Cross References

    system_stm32f4xx.o(i.SystemCoreClockUpdate) refers to system_stm32f4xx.o(.data) for .data
    system_stm32f4xx.o(i.SystemInit) refers to system_stm32f4xx.o(i.SetSysClock) for SetSysClock
    startup_stm32f429_439xx.o(RESET) refers to startup_stm32f429_439xx.o(STACK) for __initial_sp
    startup_stm32f429_439xx.o(RESET) refers to startup_stm32f429_439xx.o(.text) for Reset_Handler
    startup_stm32f429_439xx.o(RESET) refers to stm32f4xx_it.o(i.NMI_Handler) for NMI_Handler
    startup_stm32f429_439xx.o(RESET) refers to stm32f4xx_it.o(i.HardFault_Handler) for HardFault_Handler
    startup_stm32f429_439xx.o(RESET) refers to stm32f4xx_it.o(i.MemManage_Handler) for MemManage_Handler
    startup_stm32f429_439xx.o(RESET) refers to stm32f4xx_it.o(i.BusFault_Handler) for BusFault_Handler
    startup_stm32f429_439xx.o(RESET) refers to stm32f4xx_it.o(i.UsageFault_Handler) for UsageFault_Handler
    startup_stm32f429_439xx.o(RESET) refers to stm32f4xx_it.o(i.SVC_Handler) for SVC_Handler
    startup_stm32f429_439xx.o(RESET) refers to stm32f4xx_it.o(i.DebugMon_Handler) for DebugMon_Handler
    startup_stm32f429_439xx.o(RESET) refers to stm32f4xx_it.o(i.PendSV_Handler) for PendSV_Handler
    startup_stm32f429_439xx.o(RESET) refers to stm32f4xx_it.o(i.SysTick_Handler) for SysTick_Handler
    startup_stm32f429_439xx.o(RESET) refers to stm32f4xx_it.o(i.DCMI_IRQHandler) for DCMI_IRQHandler
    startup_stm32f429_439xx.o(.text) refers to system_stm32f4xx.o(i.SystemInit) for SystemInit
    startup_stm32f429_439xx.o(.text) refers to entry.o(.ARM.Collect$$$$00000000) for __main
    stm32f4xx_can.o(i.CAN_DeInit) refers to stm32f4xx_rcc.o(i.RCC_APB1PeriphResetCmd) for RCC_APB1PeriphResetCmd
    stm32f4xx_can.o(i.CAN_GetITStatus) refers to stm32f4xx_can.o(i.CheckITStatus) for CheckITStatus
    stm32f4xx_cryp.o(i.CRYP_DeInit) refers to stm32f4xx_rcc.o(i.RCC_AHB2PeriphResetCmd) for RCC_AHB2PeriphResetCmd
    stm32f4xx_cryp_des.o(i.CRYP_DES_CBC) refers to stm32f4xx_cryp.o(i.CRYP_KeyStructInit) for CRYP_KeyStructInit
    stm32f4xx_cryp_des.o(i.CRYP_DES_CBC) refers to stm32f4xx_cryp.o(i.CRYP_Init) for CRYP_Init
    stm32f4xx_cryp_des.o(i.CRYP_DES_CBC) refers to stm32f4xx_cryp.o(i.CRYP_KeyInit) for CRYP_KeyInit
    stm32f4xx_cryp_des.o(i.CRYP_DES_CBC) refers to stm32f4xx_cryp.o(i.CRYP_IVInit) for CRYP_IVInit
    stm32f4xx_cryp_des.o(i.CRYP_DES_CBC) refers to stm32f4xx_cryp.o(i.CRYP_FIFOFlush) for CRYP_FIFOFlush
    stm32f4xx_cryp_des.o(i.CRYP_DES_CBC) refers to stm32f4xx_cryp.o(i.CRYP_Cmd) for CRYP_Cmd
    stm32f4xx_cryp_des.o(i.CRYP_DES_CBC) refers to stm32f4xx_cryp.o(i.CRYP_GetCmdStatus) for CRYP_GetCmdStatus
    stm32f4xx_cryp_des.o(i.CRYP_DES_CBC) refers to stm32f4xx_cryp.o(i.CRYP_DataIn) for CRYP_DataIn
    stm32f4xx_cryp_des.o(i.CRYP_DES_CBC) refers to stm32f4xx_cryp.o(i.CRYP_GetFlagStatus) for CRYP_GetFlagStatus
    stm32f4xx_cryp_des.o(i.CRYP_DES_CBC) refers to stm32f4xx_cryp.o(i.CRYP_DataOut) for CRYP_DataOut
    stm32f4xx_cryp_des.o(i.CRYP_DES_ECB) refers to stm32f4xx_cryp.o(i.CRYP_KeyStructInit) for CRYP_KeyStructInit
    stm32f4xx_cryp_des.o(i.CRYP_DES_ECB) refers to stm32f4xx_cryp.o(i.CRYP_Init) for CRYP_Init
    stm32f4xx_cryp_des.o(i.CRYP_DES_ECB) refers to stm32f4xx_cryp.o(i.CRYP_KeyInit) for CRYP_KeyInit
    stm32f4xx_cryp_des.o(i.CRYP_DES_ECB) refers to stm32f4xx_cryp.o(i.CRYP_FIFOFlush) for CRYP_FIFOFlush
    stm32f4xx_cryp_des.o(i.CRYP_DES_ECB) refers to stm32f4xx_cryp.o(i.CRYP_Cmd) for CRYP_Cmd
    stm32f4xx_cryp_des.o(i.CRYP_DES_ECB) refers to stm32f4xx_cryp.o(i.CRYP_GetCmdStatus) for CRYP_GetCmdStatus
    stm32f4xx_cryp_des.o(i.CRYP_DES_ECB) refers to stm32f4xx_cryp.o(i.CRYP_DataIn) for CRYP_DataIn
    stm32f4xx_cryp_des.o(i.CRYP_DES_ECB) refers to stm32f4xx_cryp.o(i.CRYP_GetFlagStatus) for CRYP_GetFlagStatus
    stm32f4xx_cryp_des.o(i.CRYP_DES_ECB) refers to stm32f4xx_cryp.o(i.CRYP_DataOut) for CRYP_DataOut
    stm32f4xx_dac.o(i.DAC_DeInit) refers to stm32f4xx_rcc.o(i.RCC_APB1PeriphResetCmd) for RCC_APB1PeriphResetCmd
    stm32f4xx_dma2d.o(i.DMA2D_DeInit) refers to stm32f4xx_rcc.o(i.RCC_AHB1PeriphResetCmd) for RCC_AHB1PeriphResetCmd
    stm32f4xx_flash.o(i.FLASH_EraseAllBank1Sectors) refers to stm32f4xx_flash.o(i.FLASH_WaitForLastOperation) for FLASH_WaitForLastOperation
    stm32f4xx_flash.o(i.FLASH_EraseAllBank2Sectors) refers to stm32f4xx_flash.o(i.FLASH_WaitForLastOperation) for FLASH_WaitForLastOperation
    stm32f4xx_flash.o(i.FLASH_EraseAllSectors) refers to stm32f4xx_flash.o(i.FLASH_WaitForLastOperation) for FLASH_WaitForLastOperation
    stm32f4xx_flash.o(i.FLASH_EraseSector) refers to stm32f4xx_flash.o(i.FLASH_WaitForLastOperation) for FLASH_WaitForLastOperation
[...]
    Removing stm32f4xx_rtc.o(i.RTC_TimeStampOnTamperDetectionCmd), (28 bytes).
    Removing stm32f4xx_rtc.o(i.RTC_TimeStampPinSelection), (24 bytes).
    Removing stm32f4xx_rtc.o(i.RTC_TimeStructInit), (12 bytes).
    Removing stm32f4xx_rtc.o(i.RTC_WaitForSynchro), (76 bytes).
    Removing stm32f4xx_rtc.o(i.RTC_WakeUpClockConfig), (40 bytes).
    Removing stm32f4xx_rtc.o(i.RTC_WakeUpCmd), (88 bytes).
    Removing stm32f4xx_rtc.o(i.RTC_WriteBackupRegister), (20 bytes).
    Removing stm32f4xx_rtc.o(i.RTC_WriteProtectionCmd), (24 bytes).
    Removing stm32f4xx_cryp_tdes.o(.rev16_text), (4 bytes).
    Removing stm32f4xx_cryp_tdes.o(.revsh_text), (4 bytes).
    Removing stm32f4xx_cryp_tdes.o(.rrx_text), (6 bytes).
    Removing stm32f4xx_cryp_tdes.o(i.CRYP_TDES_CBC), (250 bytes).
    Removing stm32f4xx_cryp_tdes.o(i.CRYP_TDES_ECB), (226 bytes).
    Removing stm32f4xx_ltdc.o(.rev16_text), (4 bytes).
    Removing stm32f4xx_ltdc.o(.revsh_text), (4 bytes).
    Removing stm32f4xx_ltdc.o(.rrx_text), (6 bytes).
    Removing stm32f4xx_ltdc.o(i.LTDC_CLUTCmd), (32 bytes).
    Removing stm32f4xx_ltdc.o(i.LTDC_CLUTInit), (26 bytes).
    Removing stm32f4xx_ltdc.o(i.LTDC_CLUTStructInit), (12 bytes).
    Removing stm32f4xx_ltdc.o(i.LTDC_ClearFlag), (12 bytes).
    Removing stm32f4xx_ltdc.o(i.LTDC_ClearITPendingBit), (12 bytes).
    Removing stm32f4xx_ltdc.o(i.LTDC_ColorKeyingConfig), (64 bytes).
    Removing stm32f4xx_ltdc.o(i.LTDC_ColorKeyingStructInit), (10 bytes).
    Removing stm32f4xx_ltdc.o(i.LTDC_DeInit), (24 bytes).
    Removing stm32f4xx_ltdc.o(i.LTDC_GetCDStatus), (20 bytes).
    Removing stm32f4xx_ltdc.o(i.LTDC_GetFlagStatus), (20 bytes).
    Removing stm32f4xx_ltdc.o(i.LTDC_GetITStatus), (36 bytes).
    Removing stm32f4xx_ltdc.o(i.LTDC_GetPosStatus), (28 bytes).
    Removing stm32f4xx_ltdc.o(i.LTDC_GetRGBWidth), (44 bytes).
    Removing stm32f4xx_ltdc.o(i.LTDC_ITConfig), (24 bytes).
    Removing stm32f4xx_ltdc.o(i.LTDC_LIPConfig), (12 bytes).
    Removing stm32f4xx_ltdc.o(i.LTDC_LayerAddress), (4 bytes).
    Removing stm32f4xx_ltdc.o(i.LTDC_LayerAlpha), (4 bytes).
    Removing stm32f4xx_ltdc.o(i.LTDC_LayerPixelFormat), (96 bytes).
    Removing stm32f4xx_ltdc.o(i.LTDC_LayerPosition), (116 bytes).
    Removing stm32f4xx_ltdc.o(i.LTDC_LayerSize), (86 bytes).
    Removing stm32f4xx_ltdc.o(i.LTDC_LayerStructInit), (44 bytes).
    Removing stm32f4xx_ltdc.o(i.LTDC_PosStructInit), (8 bytes).
    Removing stm32f4xx_ltdc.o(i.LTDC_RGBStructInit), (10 bytes).
    Removing stm32f4xx_ltdc.o(i.LTDC_StructInit), (34 bytes).
    Removing stm32f4xx_syscfg.o(.rev16_text), (4 bytes).
    Removing stm32f4xx_syscfg.o(.revsh_text), (4 bytes).
    Removing stm32f4xx_syscfg.o(.rrx_text), (6 bytes).
    Removing stm32f4xx_syscfg.o(i.SYSCFG_CompensationCellCmd), (12 bytes).
    Removing stm32f4xx_syscfg.o(i.SYSCFG_DeInit), (24 bytes).
    Removing stm32f4xx_syscfg.o(i.SYSCFG_ETH_MediaInterfaceConfig), (12 bytes).
    Removing stm32f4xx_syscfg.o(i.SYSCFG_EXTILineConfig), (48 bytes).
    Removing stm32f4xx_syscfg.o(i.SYSCFG_GetCompensationCellStatus), (20 bytes).
    Removing stm32f4xx_syscfg.o(i.SYSCFG_MemoryRemapConfig), (12 bytes).
    Removing stm32f4xx_syscfg.o(i.SYSCFG_MemorySwappingBank), (12 bytes).
    Removing stm32f4xx_fmc.o(.rev16_text), (4 bytes).
    Removing stm32f4xx_fmc.o(.revsh_text), (4 bytes).
    Removing stm32f4xx_fmc.o(.rrx_text), (6 bytes).
    Removing stm32f4xx_fmc.o(i.FMC_ClearFlag), (56 bytes).
    Removing stm32f4xx_fmc.o(i.FMC_ClearITPendingBit), (62 bytes).
    Removing stm32f4xx_fmc.o(i.FMC_GetECC), (18 bytes).
    Removing stm32f4xx_fmc.o(i.FMC_GetITStatus), (82 bytes).
    Removing stm32f4xx_fmc.o(i.FMC_GetModeStatus), (26 bytes).
    Removing stm32f4xx_fmc.o(i.FMC_ITConfig), (102 bytes).
    Removing stm32f4xx_fmc.o(i.FMC_NANDCmd), (56 bytes).
    Removing stm32f4xx_fmc.o(i.FMC_NANDDeInit), (40 bytes).
    Removing stm32f4xx_fmc.o(i.FMC_NANDECCCmd), (56 bytes).
    Removing stm32f4xx_fmc.o(i.FMC_NANDInit), (164 bytes).
    Removing stm32f4xx_fmc.o(i.FMC_NANDStructInit), (54 bytes).
    Removing stm32f4xx_fmc.o(i.FMC_NORSRAMCmd), (32 bytes).
    Removing stm32f4xx_fmc.o(i.FMC_NORSRAMDeInit), (40 bytes).
    Removing stm32f4xx_fmc.o(i.FMC_NORSRAMInit), (280 bytes).
    Removing stm32f4xx_fmc.o(i.FMC_NORSRAMStructInit), (52 bytes).
    Removing stm32f4xx_fmc.o(i.FMC_PCCARDCmd), (32 bytes).
    Removing stm32f4xx_fmc.o(i.FMC_PCCARDDeInit), (26 bytes).
    Removing stm32f4xx_fmc.o(i.FMC_PCCARDInit), (120 bytes).
    Removing stm32f4xx_fmc.o(i.FMC_PCCARDStructInit), (60 bytes).
    Removing stm32f4xx_fmc.o(i.FMC_SDRAMDeInit), (42 bytes).
    Removing stm32f4xx_fmc.o(i.FMC_SDRAMStructInit), (60 bytes).
    Removing stm32f4xx_fmc.o(i.FMC_SDRAMWriteProtectionConfig), (32 bytes).
    Removing stm32f4xx_fmc.o(i.FMC_SetAutoRefresh_Number), (18 bytes).
    Removing stm32f4xx_fmc.o(.constdata), (28 bytes).
    Removing main.o(.rev16_text), (4 bytes).
    Removing main.o(.revsh_text), (4 bytes).
    Removing main.o(.rrx_text), (6 bytes).
    Removing main.o(i.LCD_DisplayBuf), (60 bytes).
    Removing main.o(i.LCD_DisplayByte), (52 bytes).
    Removing main.o(i.LCD_DisplayRawLine), (28 bytes).
    Removing main.o(.data), (1 bytes).
    Removing stm32f4xx_it.o(.rev16_text), (4 bytes).
    Removing stm32f4xx_it.o(.revsh_text), (4 bytes).
    Removing stm32f4xx_it.o(.rrx_text), (6 bytes).
    Removing stm324x9i_eval.o(.rev16_text), (4 bytes).
    Removing stm324x9i_eval.o(.revsh_text), (4 bytes).
    Removing stm324x9i_eval.o(.rrx_text), (6 bytes).
    Removing stm324x9i_eval.o(i.SD_LowLevel_DMA_RxConfig), (136 bytes).
    Removing stm324x9i_eval.o(i.SD_LowLevel_DMA_TxConfig), (140 bytes).
    Removing stm324x9i_eval.o(i.SD_LowLevel_DeInit), (152 bytes).
    Removing stm324x9i_eval.o(i.SD_LowLevel_Init), (164 bytes).
    Removing stm324x9i_eval.o(i.STM_EVAL_LEDInit), (80 bytes).
    Removing stm324x9i_eval.o(i.STM_EVAL_LEDOff), (24 bytes).
    Removing stm324x9i_eval.o(i.STM_EVAL_LEDOn), (24 bytes).
    Removing stm324x9i_eval.o(i.STM_EVAL_LEDToggle), (28 bytes).
    Removing stm324x9i_eval.o(i.STM_EVAL_PBGetState), (24 bytes).
    Removing stm324x9i_eval.o(i.STM_EVAL_PBInit), (164 bytes).
    Removing usart.o(.rev16_text), (4 bytes).
    Removing usart.o(.revsh_text), (4 bytes).
    Removing usart.o(.rrx_text), (6 bytes).
    Removing usart.o(i.USART_Transmit), (36 bytes).
    Removing dcmi_ov2640.o(.rev16_text), (4 bytes).
    Removing dcmi_ov2640.o(.revsh_text), (4 bytes).
    Removing dcmi_ov2640.o(.rrx_text), (6 bytes).
    Removing dcmi_ov2640.o(i.DCMI_0V2640_PWDN_Init), (80 bytes).
    Removing dcmi_ov2640.o(i.EXTI_Config), (120 bytes).
    Removing dcmi_ov2640.o(.constdata), (10 bytes).
    Removing dcmi_ov2640.o(.constdata), (380 bytes).
    Removing sccb.o(.rev16_text), (4 bytes).
    Removing sccb.o(.revsh_text), (4 bytes).
    Removing sccb.o(.rrx_text), (6 bytes).
    Removing 32f429_sdram.o(.rev16_text), (4 bytes).
    Removing 32f429_sdram.o(.revsh_text), (4 bytes).
    Removing 32f429_sdram.o(.rrx_text), (6 bytes).
    Removing 32f429_sdram.o(i.SDRAM_ReadBuffer), (46 bytes).
    Removing 32f429_sdram.o(i.SDRAM_WriteBuffer), (54 bytes).
    Removing 32f429_lcd.o(.rev16_text), (4 bytes).
    Removing 32f429_lcd.o(.revsh_text), (4 bytes).
    Removing 32f429_lcd.o(.rrx_text), (6 bytes).
    Removing 32f429_lcd.o(i.LCD_ChipSelect), (24 bytes).
    Removing 32f429_lcd.o(i.LCD_ClearLine), (56 bytes).
    Removing 32f429_lcd.o(i.LCD_ClosedPolyLine), (34 bytes).
    Removing 32f429_lcd.o(i.LCD_ClosedPolyLineRelative), (6 bytes).
    Removing 32f429_lcd.o(i.LCD_CtrlLinesConfig), (64 bytes).
    Removing 32f429_lcd.o(i.LCD_CtrlLinesWrite), (4 bytes).
    Removing 32f429_lcd.o(i.LCD_DeInit), (2 bytes).
    Removing 32f429_lcd.o(i.LCD_DrawCircle), (132 bytes).
    Removing 32f429_lcd.o(i.LCD_DrawEllipse), (464 bytes).
    Removing 32f429_lcd.o(i.LCD_DrawFullCircle), (152 bytes).
    Removing 32f429_lcd.o(i.LCD_DrawFullEllipse), (402 bytes).
    Removing 32f429_lcd.o(i.LCD_DrawFullRect), (108 bytes).
    Removing 32f429_lcd.o(i.LCD_DrawMonoPict), (60 bytes).
    Removing 32f429_lcd.o(i.LCD_DrawUniLine), (196 bytes).
    Removing 32f429_lcd.o(i.LCD_FillPolyLine), (276 bytes).
    Removing 32f429_lcd.o(i.LCD_FillTriangle), (188 bytes).
    Removing 32f429_lcd.o(i.LCD_GetColors), (16 bytes).
    Removing 32f429_lcd.o(i.LCD_PolyLine), (42 bytes).
    Removing 32f429_lcd.o(i.LCD_PolyLineRelative), (6 bytes).
    Removing 32f429_lcd.o(i.LCD_PolyLineRelativeClosed), (98 bytes).
    Removing 32f429_lcd.o(i.LCD_ReSetColorKeying), (44 bytes).
    Removing 32f429_lcd.o(i.LCD_SetColorKeying), (60 bytes).
    Removing 32f429_lcd.o(i.LCD_SetColors), (12 bytes).
    Removing 32f429_lcd.o(i.LCD_SetCursor), (28 bytes).
    Removing 32f429_lcd.o(i.LCD_SetDisplayWindow), (68 bytes).
    Removing 32f429_lcd.o(i.LCD_SetTransparency), (44 bytes).
    Removing 32f429_lcd.o(i.LCD_Triangle), (62 bytes).
    Removing 32f429_lcd.o(i.LCD_WindowModeDisable), (16 bytes).
    Removing 32f429_lcd.o(i.LCD_WriteBMP), (236 bytes).
    Removing 32f429_lcd.o(.constdata), (2304 bytes).
    Removing 32f429_lcd.o(.constdata), (1536 bytes).
    Removing 32f429_lcd.o(.data), (8 bytes).
    Removing 32f429_lcd.o(.data), (8 bytes).
    Removing dadd.o(.text), (334 bytes).
    Removing dmul.o(.text), (228 bytes).
    Removing ddiv.o(.text), (222 bytes).
    Removing dfixul.o(.text), (48 bytes).
    Removing cdrcmple.o(.text), (48 bytes).
    Removing depilogue.o(.text), (186 bytes).

845 unused section(s) (total 36891 bytes) removed from the image.

==============================================================================

Image Symbol Table

    Local Symbols

    Symbol Name                              Value     Ov Type        Size  Object(Section)

    ../clib/microlib/division.c              0x00000000   Number         0  uldiv.o ABSOLUTE
    ../clib/microlib/division.c              0x00000000   Number         0  uidiv.o ABSOLUTE
    ../clib/microlib/init/entry.s            0x00000000   Number         0  entry9b.o ABSOLUTE
    ../clib/microlib/init/entry.s            0x00000000   Number         0  entry11b.o ABSOLUTE
    ../clib/microlib/init/entry.s            0x00000000   Number         0  entry11a.o ABSOLUTE
    ../clib/microlib/init/entry.s            0x00000000   Number         0  entry7a.o ABSOLUTE
    ../clib/microlib/init/entry.s            0x00000000   Number         0  entry10a.o ABSOLUTE
    ../clib/microlib/init/entry.s            0x00000000   Number         0  entry9a.o ABSOLUTE
    ../clib/microlib/init/entry.s            0x00000000   Number         0  entry10b.o ABSOLUTE
    ../clib/microlib/init/entry.s            0x00000000   Number         0  entry.o ABSOLUTE
    ../clib/microlib/init/entry.s            0x00000000   Number         0  entry8a.o ABSOLUTE
    ../clib/microlib/init/entry.s            0x00000000   Number         0  entry7b.o ABSOLUTE
    ../clib/microlib/init/entry.s            0x00000000   Number         0  entry8b.o ABSOLUTE
    ../clib/microlib/init/entry.s            0x00000000   Number         0  entry2.o ABSOLUTE
    ../clib/microlib/init/entry.s            0x00000000   Number         0  entry5.o ABSOLUTE
    ../clib/microlib/longlong.c              0x00000000   Number         0  llushr.o ABSOLUTE
    ../clib/microlib/longlong.c              0x00000000   Number         0  llsshr.o ABSOLUTE
    ../clib/microlib/longlong.c              0x00000000   Number         0  llshl.o ABSOLUTE
    ../clib/microlib/printf/printf.c         0x00000000   Number         0  printf4.o ABSOLUTE
    ../clib/microlib/printf/printf.c         0x00000000   Number         0  printf5.o ABSOLUTE
    ../clib/microlib/printf/printf.c         0x00000000   Number         0  printf6.o ABSOLUTE
    ../clib/microlib/printf/printf.c         0x00000000   Number         0  printf7.o ABSOLUTE
    ../clib/microlib/printf/printf.c         0x00000000   Number         0  printf3.o ABSOLUTE
    ../clib/microlib/printf/printf.c         0x00000000   Number         0  printf8.o ABSOLUTE
    ../clib/microlib/printf/printf.c         0x00000000   Number         0  printfb.o ABSOLUTE
    ../clib/microlib/printf/printf.c         0x00000000   Number         0  printfa.o ABSOLUTE
    ../clib/microlib/printf/printf.c         0x00000000   Number         0  printf0.o ABSOLUTE
    ../clib/microlib/printf/printf.c         0x00000000   Number         0  printf1.o ABSOLUTE
    ../clib/microlib/printf/printf.c         0x00000000   Number         0  printf2.o ABSOLUTE
    ../clib/microlib/printf/stubs.s          0x00000000   Number         0  stubs.o ABSOLUTE
    ../clib/microlib/stdio/streams.c         0x00000000   Number         0  stdout.o ABSOLUTE
    ../clib/microlib/stubs.s                 0x00000000   Number         0  iusefp.o ABSOLUTE
    ../fplib/microlib/fpadd.c                0x00000000   Number         0  dadd.o ABSOLUTE
    ../fplib/microlib/fpdiv.c                0x00000000   Number         0  ddiv.o ABSOLUTE
    ../fplib/microlib/fpepilogue.c           0x00000000   Number         0  depilogue.o ABSOLUTE
    ../fplib/microlib/fpfix.c                0x00000000   Number         0  dfixul.o ABSOLUTE
    ../fplib/microlib/fpmul.c                0x00000000   Number         0  dmul.o ABSOLUTE
    ..\..\..\Libraries\CMSIS\Device\ST\STM32F4xx\Source\Templates\arm\startup_stm32f429_439xx.s 0x00000000   Number         0  startup_stm32f429_439xx.o ABSOLUTE
    ..\..\..\Libraries\STM32F4xx_StdPeriph_Driver\src\misc.c 0x00000000   Number         0  misc.o ABSOLUTE
    ..\..\..\Libraries\STM32F4xx_StdPeriph_Driver\src\stm32f4xx_adc.c 0x00000000   Number         0  stm32f4xx_adc.o ABSOLUTE
    ..\..\..\Libraries\STM32F4xx_StdPeriph_Driver\src\stm32f4xx_can.c 0x00000000   Number         0  stm32f4xx_can.o ABSOLUTE
    ..\..\..\Libraries\STM32F4xx_StdPeriph_Driver\src\stm32f4xx_crc.c 0x00000000   Number         0  stm32f4xx_crc.o ABSOLUTE
    ..\..\..\Libraries\STM32F4xx_StdPeriph_Driver\src\stm32f4xx_cryp.c 0x00000000   Number         0  stm32f4xx_cryp.o ABSOLUTE
    ..\..\..\Libraries\STM32F4xx_StdPeriph_Driver\src\stm32f4xx_cryp_aes.c 0x00000000   Number         0  stm32f4xx_cryp_aes.o ABSOLUTE
    ..\..\..\Libraries\STM32F4xx_StdPeriph_Driver\src\stm32f4xx_cryp_des.c 0x00000000   Number         0  stm32f4xx_cryp_des.o ABSOLUTE
    ..\..\..\Libraries\STM32F4xx_StdPeriph_Driver\src\stm32f4xx_cryp_tdes.c 0x00000000   Number         0  stm32f4xx_cryp_tdes.o ABSOLUTE
    ..\..\..\Libraries\STM32F4xx_StdPeriph_Driver\src\stm32f4xx_dac.c 0x00000000   Number         0  stm32f4xx_dac.o ABSOLUTE
    ..\..\..\Libraries\STM32F4xx_StdPeriph_Driver\src\stm32f4xx_dbgmcu.c 0x00000000   Number         0  stm32f4xx_dbgmcu.o ABSOLUTE
    ..\..\..\Libraries\STM32F4xx_StdPeriph_Driver\src\stm32f4xx_dcmi.c 0x00000000   Number         0  stm32f4xx_dcmi.o ABSOLUTE
    ..\..\..\Libraries\STM32F4xx_StdPeriph_Driver\src\stm32f4xx_dma.c 0x00000000   Number         0  stm32f4xx_dma.o ABSOLUTE
    ..\..\..\Libraries\STM32F4xx_StdPeriph_Driver\src\stm32f4xx_dma2d.c 0x00000000   Number         0  stm32f4xx_dma2d.o ABSOLUTE
    ..\..\..\Libraries\STM32F4xx_StdPeriph_Driver\src\stm32f4xx_exti.c 0x00000000   Number         0  stm32f4xx_exti.o ABSOLUTE
    ..\..\..\Libraries\STM32F4xx_StdPeriph_Driver\src\stm32f4xx_flash.c 0x00000000   Number         0  stm32f4xx_flash.o ABSOLUTE
    ..\..\..\Libraries\STM32F4xx_StdPeriph_Driver\src\stm32f4xx_fmc.c 0x00000000   Number         0  stm32f4xx_fmc.o ABSOLUTE
    ..\..\..\Libraries\STM32F4xx_StdPeriph_Driver\src\stm32f4xx_gpio.c 0x00000000   Number         0  stm32f4xx_gpio.o ABSOLUTE
    ..\..\..\Libraries\STM32F4xx_StdPeriph_Driver\src\stm32f4xx_hash.c 0x00000000   Number         0  stm32f4xx_hash.o ABSOLUTE
    ..\..\..\Libraries\STM32F4xx_StdPeriph_Driver\src\stm32f4xx_hash_md5.c 0x00000000   Number         0  stm32f4xx_hash_md5.o ABSOLUTE
    ..\..\..\Libraries\STM32F4xx_StdPeriph_Driver\src\stm32f4xx_hash_sha1.c 0x00000000   Number         0  stm32f4xx_hash_sha1.o ABSOLUTE
    ..\..\..\Libraries\STM32F4xx_StdPeriph_Driver\src\stm32f4xx_i2c.c 0x00000000   Number         0  stm32f4xx_i2c.o ABSOLUTE
    ..\..\..\Libraries\STM32F4xx_StdPeriph_Driver\src\stm32f4xx_iwdg.c 0x00000000   Number         0  stm32f4xx_iwdg.o ABSOLUTE
    ..\..\..\Libraries\STM32F4xx_StdPeriph_Driver\src\stm32f4xx_ltdc.c 0x00000000   Number         0  stm32f4xx_ltdc.o ABSOLUTE
    ..\..\..\Libraries\STM32F4xx_StdPeriph_Driver\src\stm32f4xx_pwr.c 0x00000000   Number         0  stm32f4xx_pwr.o ABSOLUTE
    ..\..\..\Libraries\STM32F4xx_StdPeriph_Driver\src\stm32f4xx_rcc.c 0x00000000   Number         0  stm32f4xx_rcc.o ABSOLUTE
    ..\..\..\Libraries\STM32F4xx_StdPeriph_Driver\src\stm32f4xx_rng.c 0x00000000   Number         0  stm32f4xx_rng.o ABSOLUTE
    ..\..\..\Libraries\STM32F4xx_StdPeriph_Driver\src\stm32f4xx_rtc.c 0x00000000   Number         0  stm32f4xx_rtc.o ABSOLUTE
    ..\..\..\Libraries\STM32F4xx_StdPeriph_Driver\src\stm32f4xx_sai.c 0x00000000   Number         0  stm32f4xx_sai.o ABSOLUTE
    ..\..\..\Libraries\STM32F4xx_StdPeriph_Driver\src\stm32f4xx_sdio.c 0x00000000   Number         0  stm32f4xx_sdio.o ABSOLUTE
    ..\..\..\Libraries\STM32F4xx_StdPeriph_Driver\src\stm32f4xx_spi.c 0x00000000   Number         0  stm32f4xx_spi.o ABSOLUTE
    ..\..\..\Libraries\STM32F4xx_StdPeriph_Driver\src\stm32f4xx_syscfg.c 0x00000000   Number         0  stm32f4xx_syscfg.o ABSOLUTE
    ..\..\..\Libraries\STM32F4xx_StdPeriph_Driver\src\stm32f4xx_tim.c 0x00000000   Number         0  stm32f4xx_tim.o ABSOLUTE
    ..\..\..\Libraries\STM32F4xx_StdPeriph_Driver\src\stm32f4xx_usart.c 0x00000000   Number         0  stm32f4xx_usart.o ABSOLUTE
    ..\..\..\Libraries\STM32F4xx_StdPeriph_Driver\src\stm32f4xx_wwdg.c 0x00000000   Number         0  stm32f4xx_wwdg.o ABSOLUTE
    ..\..\..\Utilities\STM32_EVAL\STM324x9I_EVAL\stm324x9i_eval.c 0x00000000   Number         0  stm324x9i_eval.o ABSOLUTE
    ..\32f429_lcd.c                          0x00000000   Number         0  32f429_lcd.o ABSOLUTE
    ..\32f429_sdram.c                        0x00000000   Number         0  32f429_sdram.o ABSOLUTE
    ..\\..\\..\\Libraries\\STM32F4xx_StdPeriph_Driver\\src\\misc.c 0x00000000   Number         0  misc.o ABSOLUTE
    ..\\..\\..\\Libraries\\STM32F4xx_StdPeriph_Driver\\src\\stm32f4xx_adc.c 0x00000000   Number         0  stm32f4xx_adc.o ABSOLUTE
    ..\\..\\..\\Libraries\\STM32F4xx_StdPeriph_Driver\\src\\stm32f4xx_can.c 0x00000000   Number         0  stm32f4xx_can.o ABSOLUTE
    ..\\..\\..\\Libraries\\STM32F4xx_StdPeriph_Driver\\src\\stm32f4xx_crc.c 0x00000000   Number         0  stm32f4xx_crc.o ABSOLUTE
    ..\\..\\..\\Libraries\\STM32F4xx_StdPeriph_Driver\\src\\stm32f4xx_cryp.c 0x00000000   Number         0  stm32f4xx_cryp.o ABSOLUTE
    ..\\..\\..\\Libraries\\STM32F4xx_StdPeriph_Driver\\src\\stm32f4xx_cryp_aes.c 0x00000000   Number         0  stm32f4xx_cryp_aes.o ABSOLUTE
    ..\\..\\..\\Libraries\\STM32F4xx_StdPeriph_Driver\\src\\stm32f4xx_cryp_des.c 0x00000000   Number         0  stm32f4xx_cryp_des.o ABSOLUTE
    ..\\..\\..\\Libraries\\STM32F4xx_StdPeriph_Driver\\src\\stm32f4xx_cryp_tdes.c 0x00000000   Number         0  stm32f4xx_cryp_tdes.o ABSOLUTE
    ..\\..\\..\\Libraries\\STM32F4xx_StdPeriph_Driver\\src\\stm32f4xx_dac.c 0x00000000   Number         0  stm32f4xx_dac.o ABSOLUTE
    ..\\..\\..\\Libraries\\STM32F4xx_StdPeriph_Driver\\src\\stm32f4xx_dbgmcu.c 0x00000000   Number         0  stm32f4xx_dbgmcu.o ABSOLUTE
    ..\\..\\..\\Libraries\\STM32F4xx_StdPeriph_Driver\\src\\stm32f4xx_dcmi.c 0x00000000   Number         0  stm32f4xx_dcmi.o ABSOLUTE
    ..\\..\\..\\Libraries\\STM32F4xx_StdPeriph_Driver\\src\\stm32f4xx_dma.c 0x00000000   Number         0  stm32f4xx_dma.o ABSOLUTE
    ..\\..\\..\\Libraries\\STM32F4xx_StdPeriph_Driver\\src\\stm32f4xx_dma2d.c 0x00000000   Number         0  stm32f4xx_dma2d.o ABSOLUTE
    ..\\..\\..\\Libraries\\STM32F4xx_StdPeriph_Driver\\src\\stm32f4xx_exti.c 0x00000000   Number         0  stm32f4xx_exti.o ABSOLUTE
    ..\\..\\..\\Libraries\\STM32F4xx_StdPeriph_Driver\\src\\stm32f4xx_flash.c 0x00000000   Number         0  stm32f4xx_flash.o ABSOLUTE
    ..\\..\\..\\Libraries\\STM32F4xx_StdPeriph_Driver\\src\\stm32f4xx_fmc.c 0x00000000   Number         0  stm32f4xx_fmc.o ABSOLUTE
    ..\\..\\..\\Libraries\\STM32F4xx_StdPeriph_Driver\\src\\stm32f4xx_gpio.c 0x00000000   Number         0  stm32f4xx_gpio.o ABSOLUTE
    ..\\..\\..\\Libraries\\STM32F4xx_StdPeriph_Driver\\src\\stm32f4xx_hash.c 0x00000000   Number         0  stm32f4xx_hash.o ABSOLUTE
    ..\\..\\..\\Libraries\\STM32F4xx_StdPeriph_Driver\\src\\stm32f4xx_hash_md5.c 0x00000000   Number         0  stm32f4xx_hash_md5.o ABSOLUTE
    ..\\..\\..\\Libraries\\STM32F4xx_StdPeriph_Driver\\src\\stm32f4xx_hash_sha1.c 0x00000000   Number         0  stm32f4xx_hash_sha1.o ABSOLUTE
    ..\\..\\..\\Libraries\\STM32F4xx_StdPeriph_Driver\\src\\stm32f4xx_i2c.c 0x00000000   Number         0  stm32f4xx_i2c.o ABSOLUTE
    ..\\..\\..\\Libraries\\STM32F4xx_StdPeriph_Driver\\src\\stm32f4xx_iwdg.c 0x00000000   Number         0  stm32f4xx_iwdg.o ABSOLUTE
    ..\\..\\..\\Libraries\\STM32F4xx_StdPeriph_Driver\\src\\stm32f4xx_ltdc.c 0x00000000   Number         0  stm32f4xx_ltdc.o ABSOLUTE
    ..\\..\\..\\Libraries\\STM32F4xx_StdPeriph_Driver\\src\\stm32f4xx_pwr.c 0x00000000   Number         0  stm32f4xx_pwr.o ABSOLUTE
    ..\\..\\..\\Libraries\\STM32F4xx_StdPeriph_Driver\\src\\stm32f4xx_rcc.c 0x00000000   Number         0  stm32f4xx_rcc.o ABSOLUTE
    ..\\..\\..\\Libraries\\STM32F4xx_StdPeriph_Driver\\src\\stm32f4xx_rng.c 0x00000000   Number         0  stm32f4xx_rng.o ABSOLUTE
    ..\\..\\..\\Libraries\\STM32F4xx_StdPeriph_Driver\\src\\stm32f4xx_rtc.c 0x00000000   Number         0  stm32f4xx_rtc.o ABSOLUTE
    ..\\..\\..\\Libraries\\STM32F4xx_StdPeriph_Driver\\src\\stm32f4xx_sai.c 0x00000000   Number         0  stm32f4xx_sai.o ABSOLUTE
    ..\\..\\..\\Libraries\\STM32F4xx_StdPeriph_Driver\\src\\stm32f4xx_sdio.c 0x00000000   Number         0  stm32f4xx_sdio.o ABSOLUTE
    ..\\..\\..\\Libraries\\STM32F4xx_StdPeriph_Driver\\src\\stm32f4xx_spi.c 0x00000000   Number         0  stm32f4xx_spi.o ABSOLUTE
    ..\\..\\..\\Libraries\\STM32F4xx_StdPeriph_Driver\\src\\stm32f4xx_syscfg.c 0x00000000   Number         0  stm32f4xx_syscfg.o ABSOLUTE
    ..\\..\\..\\Libraries\\STM32F4xx_StdPeriph_Driver\\src\\stm32f4xx_tim.c 0x00000000   Number         0  stm32f4xx_tim.o ABSOLUTE
    ..\\..\\..\\Libraries\\STM32F4xx_StdPeriph_Driver\\src\\stm32f4xx_usart.c 0x00000000   Number         0  stm32f4xx_usart.o ABSOLUTE
    ..\\..\\..\\Libraries\\STM32F4xx_StdPeriph_Driver\\src\\stm32f4xx_wwdg.c 0x00000000   Number         0  stm32f4xx_wwdg.o ABSOLUTE
    ..\\..\\..\\Utilities\\STM32_EVAL\\STM324x9I_EVAL\\stm324x9i_eval.c 0x00000000   Number         0  stm324x9i_eval.o ABSOLUTE
    ..\\32f429_lcd.c                         0x00000000   Number         0  32f429_lcd.o ABSOLUTE
    ..\\32f429_sdram.c                       0x00000000   Number         0  32f429_sdram.o ABSOLUTE
    ..\\camera\\SCCB.C                       0x00000000   Number         0  sccb.o ABSOLUTE
    ..\\camera\\dcmi_OV2640.c                0x00000000   Number         0  dcmi_ov2640.o ABSOLUTE
    ..\\main.c                               0x00000000   Number         0  main.o ABSOLUTE
    ..\\stm32f4xx_it.c                       0x00000000   Number         0  stm32f4xx_it.o ABSOLUTE
    ..\\system_stm32f4xx.c                   0x00000000   Number         0  system_stm32f4xx.o ABSOLUTE
    ..\\usart.c                              0x00000000   Number         0  usart.o ABSOLUTE
    ..\camera\SCCB.C                         0x00000000   Number         0  sccb.o ABSOLUTE
    ..\camera\dcmi_OV2640.c                  0x00000000   Number         0  dcmi_ov2640.o ABSOLUTE
    ..\main.c                                0x00000000   Number         0  main.o ABSOLUTE
    ..\stm32f4xx_it.c                        0x00000000   Number         0  stm32f4xx_it.o ABSOLUTE
    ..\system_stm32f4xx.c                    0x00000000   Number         0  system_stm32f4xx.o ABSOLUTE
    ..\usart.c                               0x00000000   Number         0  usart.o ABSOLUTE
    cdrcmple.s                               0x00000000   Number         0  cdrcmple.o ABSOLUTE
    dc.s                                     0x00000000   Number         0  dc.o ABSOLUTE
    handlers.s                               0x00000000   Number         0  handlers.o ABSOLUTE
    init.s                                   0x00000000   Number         0  init.o ABSOLUTE
    RESET                                    0x08000000   Section      428  startup_stm32f429_439xx.o(RESET)
    .ARM.Collect$$$$00000000                 0x080001ac   Section        0  entry.o(.ARM.Collect$$$$00000000)
    .ARM.Collect$$$$00000001                 0x080001ac   Section        4  entry2.o(.ARM.Collect$$$$00000001)
    .ARM.Collect$$$$00000004                 0x080001b0   Section        4  entry5.o(.ARM.Collect$$$$00000004)
    .ARM.Collect$$$$00000008                 0x080001b4   Section        0  entry7b.o(.ARM.Collect$$$$00000008)
    .ARM.Collect$$$$0000000A                 0x080001b4   Section        0  entry8b.o(.ARM.Collect$$$$0000000A)
    .ARM.Collect$$$$0000000B                 0x080001b4   Section        8  entry9a.o(.ARM.Collect$$$$0000000B)
    .ARM.Collect$$$$0000000D                 0x080001bc   Section        0  entry10a.o(.ARM.Collect$$$$0000000D)
    .ARM.Collect$$$$0000000F                 0x080001bc   Section        0  entry11a.o(.ARM.Collect$$$$0000000F)
    .ARM.Collect$$$$00002712                 0x080001bc   Section        4  entry2.o(.ARM.Collect$$$$00002712)
    __lit__00000000                          0x080001bc   Data           4  entry2.o(.ARM.Collect$$$$00002712)
    .text                                    0x080001c0   Section       36  startup_stm32f429_439xx.o(.text)
    $v0                                      0x080001c0   Number         0  startup_stm32f429_439xx.o(.text)
    .text                                    0x080001e4   Section        0  uldiv.o(.text)
    .text                                    0x08000248   Section       36  init.o(.text)
    .text                                    0x0800026c   Section        0  llshl.o(.text)
    .text                                    0x0800028a   Section        0  llushr.o(.text)
    i.BusFault_Handler                       0x080002aa   Section        0  stm32f4xx_it.o(i.BusFault_Handler)
    i.DCMI_CaptureCmd                        0x080002ac   Section        0  stm32f4xx_dcmi.o(i.DCMI_CaptureCmd)
    i.DCMI_ClearITPendingBit                 0x080002c8   Section        0  stm32f4xx_dcmi.o(i.DCMI_ClearITPendingBit)
    i.DCMI_Cmd                               0x080002d4   Section        0  stm32f4xx_dcmi.o(i.DCMI_Cmd)
    i.DCMI_GetITStatus                       0x080002f0   Section        0  stm32f4xx_dcmi.o(i.DCMI_GetITStatus)
    i.DCMI_IRQHandler                        0x08000304   Section        0  stm32f4xx_it.o(i.DCMI_IRQHandler)
    i.DCMI_ITConfig                          0x08000324   Section        0  stm32f4xx_dcmi.o(i.DCMI_ITConfig)
    i.DCMI_Init                              0x08000340   Section        0  stm32f4xx_dcmi.o(i.DCMI_Init)
    i.DCMI_JPEGCmd                           0x0800037c   Section        0  stm32f4xx_dcmi.o(i.DCMI_JPEGCmd)
    i.DCMI_OV2640_ReadID                     0x08000398   Section        0  dcmi_ov2640.o(i.DCMI_OV2640_ReadID)
    i.DCMI_SingleRandomRead                  0x080003ec   Section        0  sccb.o(i.DCMI_SingleRandomRead)
    i.DCMI_SingleRandomWrite                 0x08000520   Section        0  sccb.o(i.DCMI_SingleRandomWrite)
    i.DMA2D_DeInit                           0x080005d0   Section        0  stm32f4xx_dma2d.o(i.DMA2D_DeInit)
    i.DMA2D_GetFlagStatus                    0x080005e8   Section        0  stm32f4xx_dma2d.o(i.DMA2D_GetFlagStatus)
    i.DMA2D_Init                             0x080005fc   Section        0  stm32f4xx_dma2d.o(i.DMA2D_Init)
    i.DMA2D_StartTransfer                    0x080006b0   Section        0  stm32f4xx_dma2d.o(i.DMA2D_StartTransfer)
    i.DMA_Cmd                                0x080006c0   Section        0  stm32f4xx_dma.o(i.DMA_Cmd)
    i.DMA_DeInit                             0x080006d4   Section        0  stm32f4xx_dma.o(i.DMA_DeInit)
    i.DMA_Init                               0x080007f8   Section        0  stm32f4xx_dma.o(i.DMA_Init)
    i.DebugMon_Handler                       0x0800084c   Section        0  stm32f4xx_it.o(i.DebugMon_Handler)
    i.Delay                                  0x08000850   Section        0  main.o(i.Delay)
    i.Delay_ms                               0x08000864   Section        0  dcmi_ov2640.o(i.Delay_ms)
    Delay_ms                                 0x08000865   Thumb Code    18  dcmi_ov2640.o(i.Delay_ms)
    i.FMC_GetFlagStatus                      0x08000876   Section        0  stm32f4xx_fmc.o(i.FMC_GetFlagStatus)
    i.FMC_SDRAMCmdConfig                     0x080008ac   Section        0  stm32f4xx_fmc.o(i.FMC_SDRAMCmdConfig)
    i.FMC_SDRAMInit                          0x080008d0   Section        0  stm32f4xx_fmc.o(i.FMC_SDRAMInit)
    i.FMC_SetRefreshCount                    0x080009f0   Section        0  stm32f4xx_fmc.o(i.FMC_SetRefreshCount)
    i.GPIO_Init                              0x08000a02   Section        0  stm32f4xx_gpio.o(i.GPIO_Init)
    i.GPIO_PinAFConfig                       0x08000aa4   Section        0  stm32f4xx_gpio.o(i.GPIO_PinAFConfig)
    i.HardFault_Handler                      0x08000ac4   Section        0  stm32f4xx_it.o(i.HardFault_Handler)
    i.I2C_AcknowledgeConfig                  0x08000ac6   Section        0  stm32f4xx_i2c.o(i.I2C_AcknowledgeConfig)
    i.I2C_CheckEvent                         0x08000ada   Section        0  stm32f4xx_i2c.o(i.I2C_CheckEvent)
    i.I2C_Cmd                                0x08000af2   Section        0  stm32f4xx_i2c.o(i.I2C_Cmd)
    i.I2C_DeInit                             0x08000b08   Section        0  stm32f4xx_i2c.o(i.I2C_DeInit)
    i.I2C_GenerateSTART                      0x08000b4c   Section        0  stm32f4xx_i2c.o(i.I2C_GenerateSTART)
    i.I2C_GenerateSTOP                       0x08000b60   Section        0  stm32f4xx_i2c.o(i.I2C_GenerateSTOP)
    i.I2C_Init                               0x08000b74   Section        0  stm32f4xx_i2c.o(i.I2C_Init)
    i.I2C_ReceiveData                        0x08000c2c   Section        0  stm32f4xx_i2c.o(i.I2C_ReceiveData)
    i.I2C_Send7bitAddress                    0x08000c32   Section        0  stm32f4xx_i2c.o(i.I2C_Send7bitAddress)
    i.I2C_SendData                           0x08000c42   Section        0  stm32f4xx_i2c.o(i.I2C_SendData)
    i.LCD_AF_GPIOConfig                      0x08000c48   Section        0  32f429_lcd.o(i.LCD_AF_GPIOConfig)
    LCD_AF_GPIOConfig                        0x08000c49   Thumb Code   420  32f429_lcd.o(i.LCD_AF_GPIOConfig)
    i.LCD_Clear                              0x08000e08   Section        0  32f429_lcd.o(i.LCD_Clear)
    i.LCD_DisplayChar                        0x08000e24   Section        0  32f429_lcd.o(i.LCD_DisplayChar)
    i.LCD_DisplayStringLine                  0x08000e44   Section        0  32f429_lcd.o(i.LCD_DisplayStringLine)
    i.LCD_DrawChar                           0x08000e88   Section        0  32f429_lcd.o(i.LCD_DrawChar)
    i.LCD_DrawLine                           0x08000f14   Section        0  32f429_lcd.o(i.LCD_DrawLine)
    i.LCD_DrawRect                           0x08000f94   Section        0  32f429_lcd.o(i.LCD_DrawRect)
    i.LCD_GetFont                            0x08000fd4   Section        0  32f429_lcd.o(i.LCD_GetFont)
    i.LCD_Init                               0x08000fe0   Section        0  32f429_lcd.o(i.LCD_Init)
    i.LCD_LayerInit                          0x08001060   Section        0  32f429_lcd.o(i.LCD_LayerInit)
    i.LCD_SetBackColor                       0x08001128   Section        0  32f429_lcd.o(i.LCD_SetBackColor)
    i.LCD_SetFont                            0x08001134   Section        0  32f429_lcd.o(i.LCD_SetFont)
    i.LCD_SetLayer                           0x08001140   Section        0  32f429_lcd.o(i.LCD_SetLayer)
    i.LCD_SetTextColor                       0x08001160   Section        0  32f429_lcd.o(i.LCD_SetTextColor)
    i.LTDC_Cmd                               0x0800116c   Section        0  stm32f4xx_ltdc.o(i.LTDC_Cmd)
    i.LTDC_DitherCmd                         0x08001188   Section        0  stm32f4xx_ltdc.o(i.LTDC_DitherCmd)
    i.LTDC_Init                              0x080011a4   Section        0  stm32f4xx_ltdc.o(i.LTDC_Init)
    i.LTDC_LayerCmd                          0x0800124c   Section        0  stm32f4xx_ltdc.o(i.LTDC_LayerCmd)
    i.LTDC_LayerInit                         0x08001260   Section        0  stm32f4xx_ltdc.o(i.LTDC_LayerInit)
    i.LTDC_ReloadConfig                      0x080012f8   Section        0  stm32f4xx_ltdc.o(i.LTDC_ReloadConfig)
    i.MCO1_Init                              0x08001304   Section        0  dcmi_ov2640.o(i.MCO1_Init)
    i.MemManage_Handler                      0x08001350   Section        0  stm32f4xx_it.o(i.MemManage_Handler)
    i.NMI_Handler                            0x08001352   Section        0  stm32f4xx_it.o(i.NMI_Handler)
    i.NVIC_Init                              0x08001354   Section        0  misc.o(i.NVIC_Init)
    i.NVIC_PriorityGroupConfig               0x080013b8   Section        0  misc.o(i.NVIC_PriorityGroupConfig)
    i.OV2640_AutoExposure                    0x080013cc   Section        0  dcmi_ov2640.o(i.OV2640_AutoExposure)
    i.OV2640_BrightnessConfig                0x080013fc   Section        0  dcmi_ov2640.o(i.OV2640_BrightnessConfig)
    i.OV2640_Config                          0x08001434   Section        0  dcmi_ov2640.o(i.OV2640_Config)
    i.OV2640_DCMI_Config                     0x08001598   Section        0  dcmi_ov2640.o(i.OV2640_DCMI_Config)
    i.OV2640_DMA_Init                        0x08001708   Section        0  dcmi_ov2640.o(i.OV2640_DMA_Init)
    i.OV2640_GetBufSize                      0x08001790   Section        0  dcmi_ov2640.o(i.OV2640_GetBufSize)
    i.OV2640_GetHeight                       0x080017d0   Section        0  dcmi_ov2640.o(i.OV2640_GetHeight)
    i.OV2640_GetWidth                        0x08001806   Section        0  dcmi_ov2640.o(i.OV2640_GetWidth)
    i.OV2640_Init                            0x0800183e   Section        0  dcmi_ov2640.o(i.OV2640_Init)
    i.OV2640_Reset                           0x08001864   Section        0  dcmi_ov2640.o(i.OV2640_Reset)
    i.PendSV_Handler                         0x0800187a   Section        0  stm32f4xx_it.o(i.PendSV_Handler)
    i.RCC_AHB1PeriphClockCmd                 0x0800187c   Section        0  stm32f4xx_rcc.o(i.RCC_AHB1PeriphClockCmd)
    i.RCC_AHB1PeriphResetCmd                 0x08001894   Section        0  stm32f4xx_rcc.o(i.RCC_AHB1PeriphResetCmd)
    i.RCC_AHB2PeriphClockCmd                 0x080018ac   Section        0  stm32f4xx_rcc.o(i.RCC_AHB2PeriphClockCmd)
    i.RCC_AHB3PeriphClockCmd                 0x080018c4   Section        0  stm32f4xx_rcc.o(i.RCC_AHB3PeriphClockCmd)
    i.RCC_APB1PeriphClockCmd                 0x080018dc   Section        0  stm32f4xx_rcc.o(i.RCC_APB1PeriphClockCmd)
    i.RCC_APB1PeriphResetCmd                 0x080018f4   Section        0  stm32f4xx_rcc.o(i.RCC_APB1PeriphResetCmd)
    i.RCC_APB2PeriphClockCmd                 0x0800190c   Section        0  stm32f4xx_rcc.o(i.RCC_APB2PeriphClockCmd)
    i.RCC_ClockSecuritySystemCmd             0x08001924   Section        0  stm32f4xx_rcc.o(i.RCC_ClockSecuritySystemCmd)
    i.RCC_GetClocksFreq                      0x08001930   Section        0  stm32f4xx_rcc.o(i.RCC_GetClocksFreq)
    i.RCC_GetFlagStatus                      0x080019c4   Section        0  stm32f4xx_rcc.o(i.RCC_GetFlagStatus)
    i.RCC_LTDCCLKDivConfig                   0x080019f8   Section        0  stm32f4xx_rcc.o(i.RCC_LTDCCLKDivConfig)
    i.RCC_MCO1Config                         0x08001a0c   Section        0  stm32f4xx_rcc.o(i.RCC_MCO1Config)
    i.RCC_PLLSAICmd                          0x08001a20   Section        0  stm32f4xx_rcc.o(i.RCC_PLLSAICmd)
    i.RCC_PLLSAIConfig                       0x08001a2c   Section        0  stm32f4xx_rcc.o(i.RCC_PLLSAIConfig)
    i.SCCB_GPIO_Config                       0x08001a40   Section        0  sccb.o(i.SCCB_GPIO_Config)
    i.SCCB_WriteRegs                         0x08001ae0   Section        0  dcmi_ov2640.o(i.SCCB_WriteRegs)
    i.SDRAM_GPIOConfig                       0x08001afc   Section        0  32f429_sdram.o(i.SDRAM_GPIOConfig)
    i.SDRAM_Init                             0x08001cfc   Section        0  32f429_sdram.o(i.SDRAM_Init)
    i.SDRAM_InitSequence                     0x08001d58   Section        0  32f429_sdram.o(i.SDRAM_InitSequence)
    i.STM_EVAL_COMInit                       0x08001e0c   Section        0  stm324x9i_eval.o(i.STM_EVAL_COMInit)
    i.SVC_Handler                            0x08001ecc   Section        0  stm32f4xx_it.o(i.SVC_Handler)
    i.SetSysClock                            0x08001ed0   Section        0  system_stm32f4xx.o(i.SetSysClock)
    SetSysClock                              0x08001ed1   Thumb Code   190  system_stm32f4xx.o(i.SetSysClock)
    i.SysTick_Handler                        0x08001fa0   Section        0  stm32f4xx_it.o(i.SysTick_Handler)
    i.SystemInit                             0x08001fa4   Section        0  system_stm32f4xx.o(i.SystemInit)
    i.TimingDelay_Decrement                  0x08002000   Section        0  main.o(i.TimingDelay_Decrement)
    i.USART_Cmd                              0x08002014   Section        0  stm32f4xx_usart.o(i.USART_Cmd)
    i.USART_Config                           0x08002028   Section        0  usart.o(i.USART_Config)
    i.USART_GetFlagStatus                    0x08002064   Section        0  stm32f4xx_usart.o(i.USART_GetFlagStatus)
    i.USART_Init                             0x08002074   Section        0  stm32f4xx_usart.o(i.USART_Init)
    i.USART_SendData                         0x08002120   Section        0  stm32f4xx_usart.o(i.USART_SendData)
    i.UsageFault_Handler                     0x08002128   Section        0  stm32f4xx_it.o(i.UsageFault_Handler)
    i.__0printf$5                            0x0800212c   Section        0  printf5.o(i.__0printf$5)
    i.__scatterload_copy                     0x0800214c   Section       14  handlers.o(i.__scatterload_copy)
    i.__scatterload_null                     0x0800215a   Section        2  handlers.o(i.__scatterload_null)
    i.__scatterload_zeroinit                 0x0800215c   Section       14  handlers.o(i.__scatterload_zeroinit)
    i._printf_core                           0x0800216c   Section        0  printf5.o(i._printf_core)
    _printf_core                             0x0800216d   Thumb Code   658  printf5.o(i._printf_core)
    i.fputc                                  0x0800242c   Section        0  usart.o(i.fputc)
    i.main                                   0x08002450   Section        0  main.o(i.main)
    .constdata                               0x080026dc   Section       92  stm324x9i_eval.o(.constdata)
    .constdata                               0x08002738   Section      711  dcmi_ov2640.o(.constdata)
    OV2640_AUTOEXPOSURE_LEVEL0               0x080029b4   Data          15  dcmi_ov2640.o(.constdata)
    OV2640_AUTOEXPOSURE_LEVEL1               0x080029c3   Data          15  dcmi_ov2640.o(.constdata)
    OV2640_AUTOEXPOSURE_LEVEL2               0x080029d2   Data          15  dcmi_ov2640.o(.constdata)
    OV2640_AUTOEXPOSURE_LEVEL3               0x080029e1   Data          15  dcmi_ov2640.o(.constdata)
    OV2640_AUTOEXPOSURE_LEVEL4               0x080029f0   Data          15  dcmi_ov2640.o(.constdata)
    .constdata                               0x08002a00   Section     4560  32f429_lcd.o(.constdata)
    .constdata                               0x08003bd0   Section     2304  32f429_lcd.o(.constdata)
    .data                                    0x20000000   Section       20  system_stm32f4xx.o(.data)
    .data                                    0x20000014   Section       16  stm32f4xx_rcc.o(.data)
    APBAHBPrescTable                         0x20000014   Data          16  stm32f4xx_rcc.o(.data)
    .data                                    0x20000024   Section        8  main.o(.data)
    TimingDelay                              0x20000028   Data           4  main.o(.data)
    .data                                    0x2000002c   Section       40  stm324x9i_eval.o(.data)
    .data                                    0x20000054   Section        4  sccb.o(.data)
    .data                                    0x20000058   Section       24  32f429_lcd.o(.data)
    CurrentTextColor                         0x20000058   Data           2  32f429_lcd.o(.data)
    CurrentBackColor                         0x2000005a   Data           2  32f429_lcd.o(.data)
    CurrentFrameBuffer                       0x2000005c   Data           4  32f429_lcd.o(.data)
    CurrentLayer                             0x20000060   Data           4  32f429_lcd.o(.data)
    LCD_Currentfonts                         0x20000064   Data           4  32f429_lcd.o(.data)
    .data                                    0x20000070   Section        8  32f429_lcd.o(.data)
    .data                                    0x20000078   Section        4  stdout.o(.data)
    STACK                                    0x20000080   Section     1024  startup_stm32f429_439xx.o(STACK)

    Global Symbols

    Symbol Name                              Value     Ov Type        Size  Object(Section)

    BuildAttributes$$THM_ISAv4$E$P$D$K$B$S$7EM$VFPi3$EXTD16$VFPS$VFMA$PE$A:L22UL41UL21$X:L11$S22US41US21$IEEE1$IW$USESV6$~STKCKD$USESV7$~SHL$OSPACE$ROPI$EBA8$MICROLIB$REQ8$PRES8$EABIv2 0x00000000   Number         0  anon$$obj.o ABSOLUTE
    __ARM_use_no_argv                        0x00000000   Number         0  main.o ABSOLUTE
    _printf_a                                0x00000000   Number         0  stubs.o ABSOLUTE
    _printf_c                                0x00000000   Number         0  stubs.o ABSOLUTE
    _printf_charcount                        0x00000000   Number         0  stubs.o ABSOLUTE
    _printf_d                                0x00000000   Number         0  stubs.o ABSOLUTE
    _printf_e                                0x00000000   Number         0  stubs.o ABSOLUTE
    _printf_f                                0x00000000   Number         0  stubs.o ABSOLUTE
    _printf_flags                            0x00000000   Number         0  stubs.o ABSOLUTE
    _printf_fp_dec                           0x00000000   Number         0  stubs.o ABSOLUTE
    _printf_fp_hex                           0x00000000   Number         0  stubs.o ABSOLUTE
    _printf_g                                0x00000000   Number         0  stubs.o ABSOLUTE
    _printf_i                                0x00000000   Number         0  stubs.o ABSOLUTE
    _printf_int_dec                          0x00000000   Number         0  stubs.o ABSOLUTE
    _printf_l                                0x00000000   Number         0  stubs.o ABSOLUTE
    _printf_lc                               0x00000000   Number         0  stubs.o ABSOLUTE
    _printf_ll                               0x00000000   Number         0  stubs.o ABSOLUTE
    _printf_lld                              0x00000000   Number         0  stubs.o ABSOLUTE
    _printf_lli                              0x00000000   Number         0  stubs.o ABSOLUTE
    _printf_llo                              0x00000000   Number         0  stubs.o ABSOLUTE
    _printf_llu                              0x00000000   Number         0  stubs.o ABSOLUTE
    _printf_llx                              0x00000000   Number         0  stubs.o ABSOLUTE
    _printf_longlong_dec                     0x00000000   Number         0  stubs.o ABSOLUTE
    _printf_longlong_hex                     0x00000000   Number         0  stubs.o ABSOLUTE
    _printf_longlong_oct                     0x00000000   Number         0  stubs.o ABSOLUTE
    _printf_ls                               0x00000000   Number         0  stubs.o ABSOLUTE
    _printf_mbtowc                           0x00000000   Number         0  stubs.o ABSOLUTE
    _printf_n                                0x00000000   Number         0  stubs.o ABSOLUTE
    _printf_o                                0x00000000   Number         0  stubs.o ABSOLUTE
    _printf_p                                0x00000000   Number         0  stubs.o ABSOLUTE
    _printf_percent                          0x00000000   Number         0  stubs.o ABSOLUTE
    _printf_pre_padding                      0x00000000   Number         0  stubs.o ABSOLUTE
    _printf_return_value                     0x00000000   Number         0  stubs.o ABSOLUTE
    _printf_s                                0x00000000   Number         0  stubs.o ABSOLUTE
    _printf_sizespec                         0x00000000   Number         0  stubs.o ABSOLUTE
    _printf_str                              0x00000000   Number         0  stubs.o ABSOLUTE
    _printf_truncate_signed                  0x00000000   Number         0  stubs.o ABSOLUTE
    _printf_truncate_unsigned                0x00000000   Number         0  stubs.o ABSOLUTE
    _printf_u                                0x00000000   Number         0  stubs.o ABSOLUTE
    _printf_wc                               0x00000000   Number         0  stubs.o ABSOLUTE
    _printf_wctomb                           0x00000000   Number         0  stubs.o ABSOLUTE
    _printf_widthprec                        0x00000000   Number         0  stubs.o ABSOLUTE
    _printf_x                                0x00000000   Number         0  stubs.o ABSOLUTE
    __cpp_initialize__aeabi_                  - Undefined Weak Reference
    __cxa_finalize                            - Undefined Weak Reference
    __decompress                              - Undefined Weak Reference
    _clock_init                               - Undefined Weak Reference
    _microlib_exit                            - Undefined Weak Reference
    __Vectors_Size                           0x000001ac   Number         0  startup_stm32f429_439xx.o ABSOLUTE
    __Vectors                                0x08000000   Data           4  startup_stm32f429_439xx.o(RESET)
    __Vectors_End                            0x080001ac   Data           0  startup_stm32f429_439xx.o(RESET)
    __main                                   0x080001ad   Thumb Code     0  entry.o(.ARM.Collect$$$$00000000)
    _main_stk                                0x080001ad   Thumb Code     0  entry2.o(.ARM.Collect$$$$00000001)
    _main_scatterload                        0x080001b1   Thumb Code     0  entry5.o(.ARM.Collect$$$$00000004)
    __main_after_scatterload                 0x080001b5   Thumb Code     0  entry5.o(.ARM.Collect$$$$00000004)
    _main_clock                              0x080001b5   Thumb Code     0  entry7b.o(.ARM.Collect$$$$00000008)
    _main_cpp_init                           0x080001b5   Thumb Code     0  entry8b.o(.ARM.Collect$$$$0000000A)
    _main_init                               0x080001b5   Thumb Code     0  entry9a.o(.ARM.Collect$$$$0000000B)
    __rt_final_cpp                           0x080001bd   Thumb Code     0  entry10a.o(.ARM.Collect$$$$0000000D)
    __rt_final_exit                          0x080001bd   Thumb Code     0  entry11a.o(.ARM.Collect$$$$0000000F)
    Reset_Handler                            0x080001c1   Thumb Code     8  startup_stm32f429_439xx.o(.text)
    ADC_IRQHandler                           0x080001db   Thumb Code     0  startup_stm32f429_439xx.o(.text)
    CAN1_RX0_IRQHandler                      0x080001db   Thumb Code     0  startup_stm32f429_439xx.o(.text)
    CAN1_RX1_IRQHandler                      0x080001db   Thumb Code     0  startup_stm32f429_439xx.o(.text)
    CAN1_SCE_IRQHandler                      0x080001db   Thumb Code     0  startup_stm32f429_439xx.o(.text)
    CAN1_TX_IRQHandler                       0x080001db   Thumb Code     0  startup_stm32f429_439xx.o(.text)
    CAN2_RX0_IRQHandler                      0x080001db   Thumb Code     0  startup_stm32f429_439xx.o(.text)
    CAN2_RX1_IRQHandler                      0x080001db   Thumb Code     0  startup_stm32f429_439xx.o(.text)
    CAN2_SCE_IRQHandler                      0x080001db   Thumb Code     0  startup_stm32f429_439xx.o(.text)
    CAN2_TX_IRQHandler                       0x080001db   Thumb Code     0  startup_stm32f429_439xx.o(.text)
    CRYP_IRQHandler                          0x080001db   Thumb Code     0  startup_stm32f429_439xx.o(.text)
    DMA1_Stream0_IRQHandler                  0x080001db   Thumb Code     0  startup_stm32f429_439xx.o(.text)
    DMA1_Stream1_IRQHandler                  0x080001db   Thumb Code     0  startup_stm32f429_439xx.o(.text)
    DMA1_Stream2_IRQHandler                  0x080001db   Thumb Code     0  startup_stm32f429_439xx.o(.text)
    DMA1_Stream3_IRQHandler                  0x080001db   Thumb Code     0  startup_stm32f429_439xx.o(.text)
    DMA1_Stream4_IRQHandler                  0x080001db   Thumb Code     0  startup_stm32f429_439xx.o(.text)
    DMA1_Stream5_IRQHandler                  0x080001db   Thumb Code     0  startup_stm32f429_439xx.o(.text)
    DMA1_Stream6_IRQHandler                  0x080001db   Thumb Code     0  startup_stm32f429_439xx.o(.text)
    DMA1_Stream7_IRQHandler                  0x080001db   Thumb Code     0  startup_stm32f429_439xx.o(.text)
    DMA2D_IRQHandler                         0x080001db   Thumb Code     0  startup_stm32f429_439xx.o(.text)
    DMA2_Stream0_IRQHandler                  0x080001db   Thumb Code     0  startup_stm32f429_439xx.o(.text)
    DMA2_Stream1_IRQHandler                  0x080001db   Thumb Code     0  startup_stm32f429_439xx.o(.text)
    DMA2_Stream2_IRQHandler                  0x080001db   Thumb Code     0  startup_stm32f429_439xx.o(.text)
    DMA2_Stream3_IRQHandler                  0x080001db   Thumb Code     0  startup_stm32f429_439xx.o(.text)
    DMA2_Stream4_IRQHandler                  0x080001db   Thumb Code     0  startup_stm32f429_439xx.o(.text)
    DMA2_Stream5_IRQHandler                  0x080001db   Thumb Code     0  startup_stm32f429_439xx.o(.text)
    DMA2_Stream6_IRQHandler                  0x080001db   Thumb Code     0  startup_stm32f429_439xx.o(.text)
    DMA2_Stream7_IRQHandler                  0x080001db   Thumb Code     0  startup_stm32f429_439xx.o(.text)
    ETH_IRQHandler                           0x080001db   Thumb Code     0  startup_stm32f429_439xx.o(.text)
    ETH_WKUP_IRQHandler                      0x080001db   Thumb Code     0  startup_stm32f429_439xx.o(.text)
    EXTI0_IRQHandler                         0x080001db   Thumb Code     0  startup_stm32f429_439xx.o(.text)
    EXTI15_10_IRQHandler                     0x080001db   Thumb Code     0  startup_stm32f429_439xx.o(.text)
    EXTI1_IRQHandler                         0x080001db   Thumb Code     0  startup_stm32f429_439xx.o(.text)
    EXTI2_IRQHandler                         0x080001db   Thumb Code     0  startup_stm32f429_439xx.o(.text)
    EXTI3_IRQHandler                         0x080001db   Thumb Code     0  startup_stm32f429_439xx.o(.text)
    EXTI4_IRQHandler                         0x080001db   Thumb Code     0  startup_stm32f429_439xx.o(.text)
    EXTI9_5_IRQHandler                       0x080001db   Thumb Code     0  startup_stm32f429_439xx.o(.text)
    FLASH_IRQHandler                         0x080001db   Thumb Code     0  startup_stm32f429_439xx.o(.text)
    FMC_IRQHandler                           0x080001db   Thumb Code     0  startup_stm32f429_439xx.o(.text)
    FPU_IRQHandler                           0x080001db   Thumb Code     0  startup_stm32f429_439xx.o(.text)
    HASH_RNG_IRQHandler                      0x080001db   Thumb Code     0  startup_stm32f429_439xx.o(.text)
    I2C1_ER_IRQHandler                       0x080001db   Thumb Code     0  startup_stm32f429_439xx.o(.text)
    I2C1_EV_IRQHandler                       0x080001db   Thumb Code     0  startup_stm32f429_439xx.o(.text)
    I2C2_ER_IRQHandler                       0x080001db   Thumb Code     0  startup_stm32f429_439xx.o(.text)
    I2C2_EV_IRQHandler                       0x080001db   Thumb Code     0  startup_stm32f429_439xx.o(.text)
    I2C3_ER_IRQHandler                       0x080001db   Thumb Code     0  startup_stm32f429_439xx.o(.text)
    I2C3_EV_IRQHandler                       0x080001db   Thumb Code     0  startup_stm32f429_439xx.o(.text)
    LTDC_ER_IRQHandler                       0x080001db   Thumb Code     0  startup_stm32f429_439xx.o(.text)
    LTDC_IRQHandler                          0x080001db   Thumb Code     0  startup_stm32f429_439xx.o(.text)
    OTG_FS_IRQHandler                        0x080001db   Thumb Code     0  startup_stm32f429_439xx.o(.text)
    OTG_FS_WKUP_IRQHandler                   0x080001db   Thumb Code     0  startup_stm32f429_439xx.o(.text)
    OTG_HS_EP1_IN_IRQHandler                 0x080001db   Thumb Code     0  startup_stm32f429_439xx.o(.text)
    OTG_HS_EP1_OUT_IRQHandler                0x080001db   Thumb Code     0  startup_stm32f429_439xx.o(.text)
    OTG_HS_IRQHandler                        0x080001db   Thumb Code     0  startup_stm32f429_439xx.o(.text)
    OTG_HS_WKUP_IRQHandler                   0x080001db   Thumb Code     0  startup_stm32f429_439xx.o(.text)
    PVD_IRQHandler                           0x080001db   Thumb Code     0  startup_stm32f429_439xx.o(.text)
    RCC_IRQHandler                           0x080001db   Thumb Code     0  startup_stm32f429_439xx.o(.text)
    RTC_Alarm_IRQHandler                     0x080001db   Thumb Code     0  startup_stm32f429_439xx.o(.text)
    RTC_WKUP_IRQHandler                      0x080001db   Thumb Code     0  startup_stm32f429_439xx.o(.text)
    SAI1_IRQHandler                          0x080001db   Thumb Code     0  startup_stm32f429_439xx.o(.text)
    SDIO_IRQHandler                          0x080001db   Thumb Code     0  startup_stm32f429_439xx.o(.text)
    SPI1_IRQHandler                          0x080001db   Thumb Code     0  startup_stm32f429_439xx.o(.text)
    SPI2_IRQHandler                          0x080001db   Thumb Code     0  startup_stm32f429_439xx.o(.text)
    SPI3_IRQHandler                          0x080001db   Thumb Code     0  startup_stm32f429_439xx.o(.text)
    SPI4_IRQHandler                          0x080001db   Thumb Code     0  startup_stm32f429_439xx.o(.text)
    SPI5_IRQHandler                          0x080001db   Thumb Code     0  startup_stm32f429_439xx.o(.text)
    SPI6_IRQHandler                          0x080001db   Thumb Code     0  startup_stm32f429_439xx.o(.text)
    TAMP_STAMP_IRQHandler                    0x080001db   Thumb Code     0  startup_stm32f429_439xx.o(.text)
    TIM1_BRK_TIM9_IRQHandler                 0x080001db   Thumb Code     0  startup_stm32f429_439xx.o(.text)
    TIM1_CC_IRQHandler                       0x080001db   Thumb Code     0  startup_stm32f429_439xx.o(.text)
    TIM1_TRG_COM_TIM11_IRQHandler            0x080001db   Thumb Code     0  startup_stm32f429_439xx.o(.text)
    TIM1_UP_TIM10_IRQHandler                 0x080001db   Thumb Code     0  startup_stm32f429_439xx.o(.text)
    TIM2_IRQHandler                          0x080001db   Thumb Code     0  startup_stm32f429_439xx.o(.text)
    TIM3_IRQHandler                          0x080001db   Thumb Code     0  startup_stm32f429_439xx.o(.text)
    TIM4_IRQHandler                          0x080001db   Thumb Code     0  startup_stm32f429_439xx.o(.text)
    TIM5_IRQHandler                          0x080001db   Thumb Code     0  startup_stm32f429_439xx.o(.text)
    TIM6_DAC_IRQHandler                      0x080001db   Thumb Code     0  startup_stm32f429_439xx.o(.text)
    TIM7_IRQHandler                          0x080001db   Thumb Code     0  startup_stm32f429_439xx.o(.text)
    TIM8_BRK_TIM12_IRQHandler                0x080001db   Thumb Code     0  startup_stm32f429_439xx.o(.text)
    TIM8_CC_IRQHandler                       0x080001db   Thumb Code     0  startup_stm32f429_439xx.o(.text)
    TIM8_TRG_COM_TIM14_IRQHandler            0x080001db   Thumb Code     0  startup_stm32f429_439xx.o(.text)
    TIM8_UP_TIM13_IRQHandler                 0x080001db   Thumb Code     0  startup_stm32f429_439xx.o(.text)
    UART4_IRQHandler                         0x080001db   Thumb Code     0  startup_stm32f429_439xx.o(.text)
    UART5_IRQHandler                         0x080001db   Thumb Code     0  startup_stm32f429_439xx.o(.text)
    UART7_IRQHandler                         0x080001db   Thumb Code     0  startup_stm32f429_439xx.o(.text)
    UART8_IRQHandler                         0x080001db   Thumb Code     0  startup_stm32f429_439xx.o(.text)
    USART1_IRQHandler                        0x080001db   Thumb Code     0  startup_stm32f429_439xx.o(.text)
    USART2_IRQHandler                        0x080001db   Thumb Code     0  startup_stm32f429_439xx.o(.text)
    USART3_IRQHandler                        0x080001db   Thumb Code     0  startup_stm32f429_439xx.o(.text)
    USART6_IRQHandler                        0x080001db   Thumb Code     0  startup_stm32f429_439xx.o(.text)
    WWDG_IRQHandler                          0x080001db   Thumb Code     0  startup_stm32f429_439xx.o(.text)
    __aeabi_uldivmod                         0x080001e5   Thumb Code    98  uldiv.o(.text)
    __scatterload                            0x08000249   Thumb Code    28  init.o(.text)
    __scatterload_rt2                        0x08000249   Thumb Code     0  init.o(.text)
    __aeabi_llsl                             0x0800026d   Thumb Code    30  llshl.o(.text)
    _ll_shift_l                              0x0800026d   Thumb Code     0  llshl.o(.text)
    __aeabi_llsr                             0x0800028b   Thumb Code    32  llushr.o(.text)
    _ll_ushift_r                             0x0800028b   Thumb Code     0  llushr.o(.text)
    BusFault_Handler                         0x080002ab   Thumb Code     2  stm32f4xx_it.o(i.BusFault_Handler)
    DCMI_CaptureCmd                          0x080002ad   Thumb Code    22  stm32f4xx_dcmi.o(i.DCMI_CaptureCmd)
    DCMI_ClearITPendingBit                   0x080002c9   Thumb Code     6  stm32f4xx_dcmi.o(i.DCMI_ClearITPendingBit)
    DCMI_Cmd                                 0x080002d5   Thumb Code    22  stm32f4xx_dcmi.o(i.DCMI_Cmd)
    DCMI_GetITStatus                         0x080002f1   Thumb Code    16  stm32f4xx_dcmi.o(i.DCMI_GetITStatus)
    DCMI_IRQHandler                          0x08000305   Thumb Code    26  stm32f4xx_it.o(i.DCMI_IRQHandler)
    DCMI_ITConfig                            0x08000325   Thumb Code    22  stm32f4xx_dcmi.o(i.DCMI_ITConfig)
    DCMI_Init                                0x08000341   Thumb Code    54  stm32f4xx_dcmi.o(i.DCMI_Init)
    DCMI_JPEGCmd                             0x0800037d   Thumb Code    22  stm32f4xx_dcmi.o(i.DCMI_JPEGCmd)
    DCMI_OV2640_ReadID                       0x08000399   Thumb Code    84  dcmi_ov2640.o(i.DCMI_OV2640_ReadID)
    DCMI_SingleRandomRead                    0x080003ed   Thumb Code   292  sccb.o(i.DCMI_SingleRandomRead)
    DCMI_SingleRandomWrite                   0x08000521   Thumb Code   160  sccb.o(i.DCMI_SingleRandomWrite)
    DMA2D_DeInit                             0x080005d1   Thumb Code    24  stm32f4xx_dma2d.o(i.DMA2D_DeInit)
    DMA2D_GetFlagStatus                      0x080005e9   Thumb Code    16  stm32f4xx_dma2d.o(i.DMA2D_GetFlagStatus)
    DMA2D_Init                               0x080005fd   Thumb Code   170  stm32f4xx_dma2d.o(i.DMA2D_Init)
    DMA2D_StartTransfer                      0x080006b1   Thumb Code    12  stm32f4xx_dma2d.o(i.DMA2D_StartTransfer)
    DMA_Cmd                                  0x080006c1   Thumb Code    20  stm32f4xx_dma.o(i.DMA_Cmd)
    DMA_DeInit                               0x080006d5   Thumb Code   272  stm32f4xx_dma.o(i.DMA_DeInit)
    DMA_Init                                 0x080007f9   Thumb Code    80  stm32f4xx_dma.o(i.DMA_Init)
    DebugMon_Handler                         0x0800084d   Thumb Code     2  stm32f4xx_it.o(i.DebugMon_Handler)
    Delay                                    0x08000851   Thumb Code    16  main.o(i.Delay)
    FMC_GetFlagStatus                        0x08000877   Thumb Code    54  stm32f4xx_fmc.o(i.FMC_GetFlagStatus)
    FMC_SDRAMCmdConfig                       0x080008ad   Thumb Code    34  stm32f4xx_fmc.o(i.FMC_SDRAMCmdConfig)
    FMC_SDRAMInit                            0x080008d1   Thumb Code   284  stm32f4xx_fmc.o(i.FMC_SDRAMInit)
    FMC_SetRefreshCount                      0x080009f1   Thumb Code    18  stm32f4xx_fmc.o(i.FMC_SetRefreshCount)
    GPIO_Init                                0x08000a03   Thumb Code   162  stm32f4xx_gpio.o(i.GPIO_Init)
    GPIO_PinAFConfig                         0x08000aa5   Thumb Code    32  stm32f4xx_gpio.o(i.GPIO_PinAFConfig)
    HardFault_Handler                        0x08000ac5   Thumb Code     2  stm32f4xx_it.o(i.HardFault_Handler)
    I2C_AcknowledgeConfig                    0x08000ac7   Thumb Code    20  stm32f4xx_i2c.o(i.I2C_AcknowledgeConfig)
    I2C_CheckEvent                           0x08000adb   Thumb Code    24  stm32f4xx_i2c.o(i.I2C_CheckEvent)
    I2C_Cmd                                  0x08000af3   Thumb Code    20  stm32f4xx_i2c.o(i.I2C_Cmd)
    I2C_DeInit                               0x08000b09   Thumb Code    56  stm32f4xx_i2c.o(i.I2C_DeInit)
    I2C_GenerateSTART                        0x08000b4d   Thumb Code    20  stm32f4xx_i2c.o(i.I2C_GenerateSTART)
    I2C_GenerateSTOP                         0x08000b61   Thumb Code    20  stm32f4xx_i2c.o(i.I2C_GenerateSTOP)
    I2C_Init                                 0x08000b75   Thumb Code   174  stm32f4xx_i2c.o(i.I2C_Init)
    I2C_ReceiveData                          0x08000c2d   Thumb Code     6  stm32f4xx_i2c.o(i.I2C_ReceiveData)
    I2C_Send7bitAddress                      0x08000c33   Thumb Code    16  stm32f4xx_i2c.o(i.I2C_Send7bitAddress)
    I2C_SendData                             0x08000c43   Thumb Code     4  stm32f4xx_i2c.o(i.I2C_SendData)
    LCD_Clear                                0x08000e09   Thumb Code    20  32f429_lcd.o(i.LCD_Clear)
    LCD_DisplayChar                          0x08000e25   Thumb Code    26  32f429_lcd.o(i.LCD_DisplayChar)
    LCD_DisplayStringLine                    0x08000e45   Thumb Code    62  32f429_lcd.o(i.LCD_DisplayStringLine)
    LCD_DrawChar                             0x08000e89   Thumb Code   134  32f429_lcd.o(i.LCD_DrawChar)
    LCD_DrawLine                             0x08000f15   Thumb Code   124  32f429_lcd.o(i.LCD_DrawLine)
    LCD_DrawRect                             0x08000f95   Thumb Code    64  32f429_lcd.o(i.LCD_DrawRect)
    LCD_GetFont                              0x08000fd5   Thumb Code     6  32f429_lcd.o(i.LCD_GetFont)
    LCD_Init                                 0x08000fe1   Thumb Code   126  32f429_lcd.o(i.LCD_Init)
    LCD_LayerInit                            0x08001061   Thumb Code   186  32f429_lcd.o(i.LCD_LayerInit)
    LCD_SetBackColor                         0x08001129   Thumb Code     6  32f429_lcd.o(i.LCD_SetBackColor)
    LCD_SetFont                              0x08001135   Thumb Code     6  32f429_lcd.o(i.LCD_SetFont)
    LCD_SetLayer                             0x08001141   Thumb Code    24  32f429_lcd.o(i.LCD_SetLayer)
    LCD_SetTextColor                         0x08001161   Thumb Code     6  32f429_lcd.o(i.LCD_SetTextColor)
    LTDC_Cmd                                 0x0800116d   Thumb Code    22  stm32f4xx_ltdc.o(i.LTDC_Cmd)
    LTDC_DitherCmd                           0x08001189   Thumb Code    22  stm32f4xx_ltdc.o(i.LTDC_DitherCmd)
    LTDC_Init                                0x080011a5   Thumb Code   156  stm32f4xx_ltdc.o(i.LTDC_Init)
    LTDC_LayerCmd                            0x0800124d   Thumb Code    20  stm32f4xx_ltdc.o(i.LTDC_LayerCmd)
    LTDC_LayerInit                           0x08001261   Thumb Code   150  stm32f4xx_ltdc.o(i.LTDC_LayerInit)
    LTDC_ReloadConfig                        0x080012f9   Thumb Code     6  stm32f4xx_ltdc.o(i.LTDC_ReloadConfig)
    MCO1_Init                                0x08001305   Thumb Code    72  dcmi_ov2640.o(i.MCO1_Init)
    MemManage_Handler                        0x08001351   Thumb Code     2  stm32f4xx_it.o(i.MemManage_Handler)
    NMI_Handler                              0x08001353   Thumb Code     2  stm32f4xx_it.o(i.NMI_Handler)
    NVIC_Init                                0x08001355   Thumb Code    96  misc.o(i.NVIC_Init)
    NVIC_PriorityGroupConfig                 0x080013b9   Thumb Code    10  misc.o(i.NVIC_PriorityGroupConfig)
    OV2640_AutoExposure                      0x080013cd   Thumb Code    44  dcmi_ov2640.o(i.OV2640_AutoExposure)
    OV2640_BrightnessConfig                  0x080013fd   Thumb Code    56  dcmi_ov2640.o(i.OV2640_BrightnessConfig)
    OV2640_Config                            0x08001435   Thumb Code   346  dcmi_ov2640.o(i.OV2640_Config)
    OV2640_DCMI_Config                       0x08001599   Thumb Code   346  dcmi_ov2640.o(i.OV2640_DCMI_Config)
    OV2640_DMA_Init                          0x08001709   Thumb Code   122  dcmi_ov2640.o(i.OV2640_DMA_Init)
    OV2640_GetBufSize                        0x08001791   Thumb Code    58  dcmi_ov2640.o(i.OV2640_GetBufSize)
    OV2640_GetHeight                         0x080017d1   Thumb Code    54  dcmi_ov2640.o(i.OV2640_GetHeight)
    OV2640_GetWidth                          0x08001807   Thumb Code    56  dcmi_ov2640.o(i.OV2640_GetWidth)
    OV2640_Init                              0x0800183f   Thumb Code    38  dcmi_ov2640.o(i.OV2640_Init)
    OV2640_Reset                             0x08001865   Thumb Code    22  dcmi_ov2640.o(i.OV2640_Reset)
    PendSV_Handler                           0x0800187b   Thumb Code     2  stm32f4xx_it.o(i.PendSV_Handler)
    RCC_AHB1PeriphClockCmd                   0x0800187d   Thumb Code    18  stm32f4xx_rcc.o(i.RCC_AHB1PeriphClockCmd)
    RCC_AHB1PeriphResetCmd                   0x08001895   Thumb Code    18  stm32f4xx_rcc.o(i.RCC_AHB1PeriphResetCmd)
    RCC_AHB2PeriphClockCmd                   0x080018ad   Thumb Code    18  stm32f4xx_rcc.o(i.RCC_AHB2PeriphClockCmd)
    RCC_AHB3PeriphClockCmd                   0x080018c5   Thumb Code    18  stm32f4xx_rcc.o(i.RCC_AHB3PeriphClockCmd)
    RCC_APB1PeriphClockCmd                   0x080018dd   Thumb Code    18  stm32f4xx_rcc.o(i.RCC_APB1PeriphClockCmd)
    RCC_APB1PeriphResetCmd                   0x080018f5   Thumb Code    18  stm32f4xx_rcc.o(i.RCC_APB1PeriphResetCmd)
    RCC_APB2PeriphClockCmd                   0x0800190d   Thumb Code    18  stm32f4xx_rcc.o(i.RCC_APB2PeriphClockCmd)
    RCC_ClockSecuritySystemCmd               0x08001925   Thumb Code     6  stm32f4xx_rcc.o(i.RCC_ClockSecuritySystemCmd)
    RCC_GetClocksFreq                        0x08001931   Thumb Code   132  stm32f4xx_rcc.o(i.RCC_GetClocksFreq)
    RCC_GetFlagStatus                        0x080019c5   Thumb Code    46  stm32f4xx_rcc.o(i.RCC_GetFlagStatus)
    RCC_LTDCCLKDivConfig                     0x080019f9   Thumb Code    14  stm32f4xx_rcc.o(i.RCC_LTDCCLKDivConfig)
    RCC_MCO1Config                           0x08001a0d   Thumb Code    16  stm32f4xx_rcc.o(i.RCC_MCO1Config)
    RCC_PLLSAICmd                            0x08001a21   Thumb Code     6  stm32f4xx_rcc.o(i.RCC_PLLSAICmd)
    RCC_PLLSAIConfig                         0x08001a2d   Thumb Code    16  stm32f4xx_rcc.o(i.RCC_PLLSAIConfig)
    SCCB_GPIO_Config                         0x08001a41   Thumb Code   150  sccb.o(i.SCCB_GPIO_Config)
    SCCB_WriteRegs                           0x08001ae1   Thumb Code    26  dcmi_ov2640.o(i.SCCB_WriteRegs)
    SDRAM_GPIOConfig                         0x08001afd   Thumb Code   490  32f429_sdram.o(i.SDRAM_GPIOConfig)
    SDRAM_Init                               0x08001cfd   Thumb Code    92  32f429_sdram.o(i.SDRAM_Init)
    SDRAM_InitSequence                       0x08001d59   Thumb Code   174  32f429_sdram.o(i.SDRAM_InitSequence)
    STM_EVAL_COMInit                         0x08001e0d   Thumb Code   184  stm324x9i_eval.o(i.STM_EVAL_COMInit)
    SVC_Handler                              0x08001ecd   Thumb Code     2  stm32f4xx_it.o(i.SVC_Handler)
    SysTick_Handler                          0x08001fa1   Thumb Code     4  stm32f4xx_it.o(i.SysTick_Handler)
    SystemInit                               0x08001fa5   Thumb Code    74  system_stm32f4xx.o(i.SystemInit)
    TimingDelay_Decrement                    0x08002001   Thumb Code    16  main.o(i.TimingDelay_Decrement)
    USART_Cmd                                0x08002015   Thumb Code    20  stm32f4xx_usart.o(i.USART_Cmd)
    USART_Config                             0x08002029   Thumb Code    54  usart.o(i.USART_Config)
    USART_GetFlagStatus                      0x08002065   Thumb Code    14  stm32f4xx_usart.o(i.USART_GetFlagStatus)
    USART_Init                               0x08002075   Thumb Code   164  stm32f4xx_usart.o(i.USART_Init)
    USART_SendData                           0x08002121   Thumb Code     8  stm32f4xx_usart.o(i.USART_SendData)
    UsageFault_Handler                       0x08002129   Thumb Code     2  stm32f4xx_it.o(i.UsageFault_Handler)
    __0printf$5                              0x0800212d   Thumb Code    22  printf5.o(i.__0printf$5)
    __1printf$5                              0x0800212d   Thumb Code     0  printf5.o(i.__0printf$5)
    __2printf                                0x0800212d   Thumb Code     0  printf5.o(i.__0printf$5)
    __scatterload_copy                       0x0800214d   Thumb Code    14  handlers.o(i.__scatterload_copy)
    __scatterload_null                       0x0800215b   Thumb Code     2  handlers.o(i.__scatterload_null)
    __scatterload_zeroinit                   0x0800215d   Thumb Code    14  handlers.o(i.__scatterload_zeroinit)
    fputc                                    0x0800242d   Thumb Code    30  usart.o(i.fputc)
    main                                     0x08002451   Thumb Code   418  main.o(i.main)
    COM_TX_PIN                               0x080026dc   Data           2  stm324x9i_eval.o(.constdata)
    COM_RX_PIN                               0x080026de   Data           2  stm324x9i_eval.o(.constdata)
    COM_TX_PIN_SOURCE                        0x080026e0   Data           2  stm324x9i_eval.o(.constdata)
    COM_RX_PIN_SOURCE                        0x080026e2   Data           2  stm324x9i_eval.o(.constdata)
    COM_TX_AF                                0x080026e4   Data           2  stm324x9i_eval.o(.constdata)
    COM_RX_AF                                0x080026e6   Data           2  stm324x9i_eval.o(.constdata)
    COM_USART_CLK                            0x080026e8   Data           4  stm324x9i_eval.o(.constdata)
    COM_TX_PORT_CLK                          0x080026ec   Data           4  stm324x9i_eval.o(.constdata)
    COM_RX_PORT_CLK                          0x080026f0   Data           4  stm324x9i_eval.o(.constdata)
    BUTTON_PIN                               0x080026f4   Data           6  stm324x9i_eval.o(.constdata)
    BUTTON_EXTI_LINE                         0x080026fa   Data           6  stm324x9i_eval.o(.constdata)
    BUTTON_PORT_SOURCE                       0x08002700   Data           6  stm324x9i_eval.o(.constdata)
    BUTTON_PIN_SOURCE                        0x08002706   Data           6  stm324x9i_eval.o(.constdata)
    BUTTON_IRQn                              0x0800270c   Data           6  stm324x9i_eval.o(.constdata)
    GPIO_PIN                                 0x08002712   Data           8  stm324x9i_eval.o(.constdata)
    GPIO_CLK                                 0x0800271c   Data          16  stm324x9i_eval.o(.constdata)
    BUTTON_CLK                               0x0800272c   Data          12  stm324x9i_eval.o(.constdata)
    OV2640_YUV422                            0x08002738   Data           8  dcmi_ov2640.o(.constdata)
    OV2640_INIT                              0x08002740   Data         362  dcmi_ov2640.o(.constdata)
    OV2640_SENS_INIT                         0x080028aa   Data          28  dcmi_ov2640.o(.constdata)
    OV2640_DSP_640x480                       0x080028c6   Data          34  dcmi_ov2640.o(.constdata)
    OV2640_DSP_480x320                       0x080028e8   Data          34  dcmi_ov2640.o(.constdata)
    OV2640_DSP_408x304                       0x0800290a   Data          34  dcmi_ov2640.o(.constdata)
    OV2640_DSP_352x288                       0x0800292c   Data          34  dcmi_ov2640.o(.constdata)
    OV2640_DSP_320x200                       0x0800294e   Data          34  dcmi_ov2640.o(.constdata)
    OV2640_DSP_176x144                       0x08002970   Data          34  dcmi_ov2640.o(.constdata)
    OV2640_DSP_160x120                       0x08002992   Data          34  dcmi_ov2640.o(.constdata)
    ASCII16x24_Table                         0x08002a00   Data        4560  32f429_lcd.o(.constdata)
    ASCII8x12_Table                          0x08003bd0   Data        2304  32f429_lcd.o(.constdata)
    Region$$Table$$Base                      0x080044d0   Number         0  anon$$obj.o(Region$$Table)
    Region$$Table$$Limit                     0x080044f0   Number         0  anon$$obj.o(Region$$Table)
    SystemCoreClock                          0x20000000   Data           4  system_stm32f4xx.o(.data)
    AHBPrescTable                            0x20000004   Data          16  system_stm32f4xx.o(.data)
    jpg_flag                                 0x20000024   Data           1  main.o(.data)
    COM_USART                                0x2000002c   Data           4  stm324x9i_eval.o(.data)
    COM_TX_PORT                              0x20000030   Data           4  stm324x9i_eval.o(.data)
    COM_RX_PORT                              0x20000034   Data           4  stm324x9i_eval.o(.data)
    GPIO_PORT                                0x20000038   Data          16  stm324x9i_eval.o(.data)
    BUTTON_PORT                              0x20000048   Data          12  stm324x9i_eval.o(.data)
    DCMI_TIMEOUT_MAX                         0x20000054   Data           4  sccb.o(.data)
    Font16x24                                0x20000068   Data           8  32f429_lcd.o(.data)
    Font8x12                                 0x20000070   Data           8  32f429_lcd.o(.data)
    __stdout                                 0x20000078   Data           4  stdout.o(.data)
    __initial_sp                             0x20000480   Data           0  startup_stm32f429_439xx.o(STACK)



==============================================================================

Memory Map of the image

  Image Entry point : 0x080001ad

  Load Region LR_IROM1 (Base: 0x08000000, Size: 0x0000456c, Max: 0x00200000, ABSOLUTE)

    Execution Region ER_IROM1 (Base: 0x08000000, Size: 0x000044f0, Max: 0x00200000, ABSOLUTE)

    Base Addr    Size         Type   Attr      Idx    E Section Name        Object

    0x08000000   0x000001ac   Data   RO          156    RESET               startup_stm32f429_439xx.o
    0x080001ac   0x00000000   Code   RO         6004  * .ARM.Collect$$$$00000000  mc_w.l(entry.o)
    0x080001ac   0x00000004   Code   RO         6268    .ARM.Collect$$$$00000001  mc_w.l(entry2.o)
    0x080001b0   0x00000004   Code   RO         6271    .ARM.Collect$$$$00000004  mc_w.l(entry5.o)
    0x080001b4   0x00000000   Code   RO         6273    .ARM.Collect$$$$00000008  mc_w.l(entry7b.o)
    0x080001b4   0x00000000   Code   RO         6275    .ARM.Collect$$$$0000000A  mc_w.l(entry8b.o)
    0x080001b4   0x00000008   Code   RO         6276    .ARM.Collect$$$$0000000B  mc_w.l(entry9a.o)
    0x080001bc   0x00000000   Code   RO         6278    .ARM.Collect$$$$0000000D  mc_w.l(entry10a.o)
    0x080001bc   0x00000000   Code   RO         6280    .ARM.Collect$$$$0000000F  mc_w.l(entry11a.o)
    0x080001bc   0x00000004   Code   RO         6269    .ARM.Collect$$$$00002712  mc_w.l(entry2.o)
    0x080001c0   0x00000024   Code   RO          157    .text               startup_stm32f429_439xx.o
    0x080001e4   0x00000062   Code   RO         6285    .text               mc_w.l(uldiv.o)
    0x08000246   0x00000002   PAD
    0x08000248   0x00000024   Code   RO         6298    .text               mc_w.l(init.o)
    0x0800026c   0x0000001e   Code   RO         6300    .text               mc_w.l(llshl.o)
    0x0800028a   0x00000020   Code   RO         6302    .text               mc_w.l(llushr.o)
    0x080002aa   0x00000002   Code   RO         5297    i.BusFault_Handler  stm32f4xx_it.o
    0x080002ac   0x0000001c   Code   RO          766    i.DCMI_CaptureCmd   stm32f4xx_dcmi.o
    0x080002c8   0x0000000c   Code   RO          768    i.DCMI_ClearITPendingBit  stm32f4xx_dcmi.o
    0x080002d4   0x0000001c   Code   RO          769    i.DCMI_Cmd          stm32f4xx_dcmi.o
    0x080002f0   0x00000014   Code   RO          772    i.DCMI_GetITStatus  stm32f4xx_dcmi.o
    0x08000304   0x00000020   Code   RO         5298    i.DCMI_IRQHandler   stm32f4xx_it.o
    0x08000324   0x0000001c   Code   RO          773    i.DCMI_ITConfig     stm32f4xx_dcmi.o
    0x08000340   0x0000003c   Code   RO          774    i.DCMI_Init         stm32f4xx_dcmi.o
    0x0800037c   0x0000001c   Code   RO          775    i.DCMI_JPEGCmd      stm32f4xx_dcmi.o
    0x08000398   0x00000054   Code   RO         5511    i.DCMI_OV2640_ReadID  dcmi_ov2640.o
    0x080003ec   0x00000134   Code   RO         5633    i.DCMI_SingleRandomRead  sccb.o
    0x08000520   0x000000b0   Code   RO         5634    i.DCMI_SingleRandomWrite  sccb.o
    0x080005d0   0x00000018   Code   RO          881    i.DMA2D_DeInit      stm32f4xx_dma2d.o
    0x080005e8   0x00000014   Code   RO          886    i.DMA2D_GetFlagStatus  stm32f4xx_dma2d.o
    0x080005fc   0x000000b4   Code   RO          889    i.DMA2D_Init        stm32f4xx_dma2d.o
    0x080006b0   0x00000010   Code   RO          891    i.DMA2D_StartTransfer  stm32f4xx_dma2d.o
    0x080006c0   0x00000014   Code   RO         4181    i.DMA_Cmd           stm32f4xx_dma.o
    0x080006d4   0x00000124   Code   RO         4182    i.DMA_DeInit        stm32f4xx_dma.o
    0x080007f8   0x00000054   Code   RO         4193    i.DMA_Init          stm32f4xx_dma.o
    0x0800084c   0x00000002   Code   RO         5299    i.DebugMon_Handler  stm32f4xx_it.o
    0x0800084e   0x00000002   PAD
    0x08000850   0x00000014   Code   RO         5182    i.Delay             main.o
    0x08000864   0x00000012   Code   RO         5512    i.Delay_ms          dcmi_ov2640.o
    0x08000876   0x00000036   Code   RO         4999    i.FMC_GetFlagStatus  stm32f4xx_fmc.o
    0x080008ac   0x00000022   Code   RO         5016    i.FMC_SDRAMCmdConfig  stm32f4xx_fmc.o
    0x080008ce   0x00000002   PAD
    0x080008d0   0x00000120   Code   RO         5018    i.FMC_SDRAMInit     stm32f4xx_fmc.o
    0x080009f0   0x00000012   Code   RO         5022    i.FMC_SetRefreshCount  stm32f4xx_fmc.o
    0x08000a02   0x000000a2   Code   RO         3053    i.GPIO_Init         stm32f4xx_gpio.o
    0x08000aa4   0x00000020   Code   RO         3054    i.GPIO_PinAFConfig  stm32f4xx_gpio.o
    0x08000ac4   0x00000002   Code   RO         5300    i.HardFault_Handler  stm32f4xx_it.o
    0x08000ac6   0x00000014   Code   RO         3158    i.I2C_AcknowledgeConfig  stm32f4xx_i2c.o
    0x08000ada   0x00000018   Code   RO         3161    i.I2C_CheckEvent    stm32f4xx_i2c.o
    0x08000af2   0x00000014   Code   RO         3164    i.I2C_Cmd           stm32f4xx_i2c.o
    0x08000b06   0x00000002   PAD
    0x08000b08   0x00000044   Code   RO         3167    i.I2C_DeInit        stm32f4xx_i2c.o
    0x08000b4c   0x00000014   Code   RO         3172    i.I2C_GenerateSTART  stm32f4xx_i2c.o
    0x08000b60   0x00000014   Code   RO         3173    i.I2C_GenerateSTOP  stm32f4xx_i2c.o
    0x08000b74   0x000000b8   Code   RO         3179    i.I2C_Init          stm32f4xx_i2c.o
    0x08000c2c   0x00000006   Code   RO         3184    i.I2C_ReceiveData   stm32f4xx_i2c.o
    0x08000c32   0x00000010   Code   RO         3186    i.I2C_Send7bitAddress  stm32f4xx_i2c.o
    0x08000c42   0x00000004   Code   RO         3187    i.I2C_SendData      stm32f4xx_i2c.o
    0x08000c46   0x00000002   PAD
    0x08000c48   0x000001c0   Code   RO         5720    i.LCD_AF_GPIOConfig  32f429_lcd.o
    0x08000e08   0x0000001c   Code   RO         5722    i.LCD_Clear         32f429_lcd.o
    0x08000e24   0x00000020   Code   RO         5729    i.LCD_DisplayChar   32f429_lcd.o
    0x08000e44   0x00000044   Code   RO         5730    i.LCD_DisplayStringLine  32f429_lcd.o
    0x08000e88   0x0000008c   Code   RO         5731    i.LCD_DrawChar      32f429_lcd.o
    0x08000f14   0x00000080   Code   RO         5737    i.LCD_DrawLine      32f429_lcd.o
    0x08000f94   0x00000040   Code   RO         5739    i.LCD_DrawRect      32f429_lcd.o
    0x08000fd4   0x0000000c   Code   RO         5744    i.LCD_GetFont       32f429_lcd.o
    0x08000fe0   0x0000007e   Code   RO         5745    i.LCD_Init          32f429_lcd.o
    0x0800105e   0x00000002   PAD
    0x08001060   0x000000c8   Code   RO         5746    i.LCD_LayerInit     32f429_lcd.o
    0x08001128   0x0000000c   Code   RO         5751    i.LCD_SetBackColor  32f429_lcd.o
    0x08001134   0x0000000c   Code   RO         5756    i.LCD_SetFont       32f429_lcd.o
    0x08001140   0x00000020   Code   RO         5757    i.LCD_SetLayer      32f429_lcd.o
    0x08001160   0x0000000c   Code   RO         5758    i.LCD_SetTextColor  32f429_lcd.o
    0x0800116c   0x0000001c   Code   RO         4740    i.LTDC_Cmd          stm32f4xx_ltdc.o
    0x08001188   0x0000001c   Code   RO         4744    i.LTDC_DitherCmd    stm32f4xx_ltdc.o
    0x080011a4   0x000000a8   Code   RO         4751    i.LTDC_Init         stm32f4xx_ltdc.o
    0x0800124c   0x00000014   Code   RO         4755    i.LTDC_LayerCmd     stm32f4xx_ltdc.o
    0x08001260   0x00000096   Code   RO         4756    i.LTDC_LayerInit    stm32f4xx_ltdc.o
    0x080012f6   0x00000002   PAD
    0x080012f8   0x0000000c   Code   RO         4763    i.LTDC_ReloadConfig  stm32f4xx_ltdc.o
    0x08001304   0x0000004c   Code   RO         5514    i.MCO1_Init         dcmi_ov2640.o
    0x08001350   0x00000002   Code   RO         5301    i.MemManage_Handler  stm32f4xx_it.o
    0x08001352   0x00000002   Code   RO         5302    i.NMI_Handler       stm32f4xx_it.o
    0x08001354   0x00000064   Code   RO          164    i.NVIC_Init         misc.o
    0x080013b8   0x00000014   Code   RO          165    i.NVIC_PriorityGroupConfig  misc.o
    0x080013cc   0x00000030   Code   RO         5515    i.OV2640_AutoExposure  dcmi_ov2640.o
    0x080013fc   0x00000038   Code   RO         5516    i.OV2640_BrightnessConfig  dcmi_ov2640.o
    0x08001434   0x00000164   Code   RO         5517    i.OV2640_Config     dcmi_ov2640.o
    0x08001598   0x00000170   Code   RO         5518    i.OV2640_DCMI_Config  dcmi_ov2640.o
    0x08001708   0x00000088   Code   RO         5519    i.OV2640_DMA_Init   dcmi_ov2640.o
    0x08001790   0x00000040   Code   RO         5520    i.OV2640_GetBufSize  dcmi_ov2640.o
    0x080017d0   0x00000036   Code   RO         5521    i.OV2640_GetHeight  dcmi_ov2640.o
    0x08001806   0x00000038   Code   RO         5522    i.OV2640_GetWidth   dcmi_ov2640.o
    0x0800183e   0x00000026   Code   RO         5523    i.OV2640_Init       dcmi_ov2640.o
    0x08001864   0x00000016   Code   RO         5524    i.OV2640_Reset      dcmi_ov2640.o
    0x0800187a   0x00000002   Code   RO         5303    i.PendSV_Handler    stm32f4xx_it.o
    0x0800187c   0x00000018   Code   RO         3388    i.RCC_AHB1PeriphClockCmd  stm32f4xx_rcc.o
    0x08001894   0x00000018   Code   RO         3390    i.RCC_AHB1PeriphResetCmd  stm32f4xx_rcc.o
    0x080018ac   0x00000018   Code   RO         3391    i.RCC_AHB2PeriphClockCmd  stm32f4xx_rcc.o
    0x080018c4   0x00000018   Code   RO         3394    i.RCC_AHB3PeriphClockCmd  stm32f4xx_rcc.o
    0x080018dc   0x00000018   Code   RO         3397    i.RCC_APB1PeriphClockCmd  stm32f4xx_rcc.o
    0x080018f4   0x00000018   Code   RO         3399    i.RCC_APB1PeriphResetCmd  stm32f4xx_rcc.o
    0x0800190c   0x00000018   Code   RO         3400    i.RCC_APB2PeriphClockCmd  stm32f4xx_rcc.o
    0x08001924   0x0000000c   Code   RO         3407    i.RCC_ClockSecuritySystemCmd  stm32f4xx_rcc.o
    0x08001930   0x00000094   Code   RO         3409    i.RCC_GetClocksFreq  stm32f4xx_rcc.o
    0x080019c4   0x00000034   Code   RO         3410    i.RCC_GetFlagStatus  stm32f4xx_rcc.o
    0x080019f8   0x00000014   Code   RO         3421    i.RCC_LTDCCLKDivConfig  stm32f4xx_rcc.o
    0x08001a0c   0x00000014   Code   RO         3422    i.RCC_MCO1Config    stm32f4xx_rcc.o
    0x08001a20   0x0000000c   Code   RO         3430    i.RCC_PLLSAICmd     stm32f4xx_rcc.o
    0x08001a2c   0x00000014   Code   RO         3431    i.RCC_PLLSAIConfig  stm32f4xx_rcc.o
    0x08001a40   0x000000a0   Code   RO         5635    i.SCCB_GPIO_Config  sccb.o
    0x08001ae0   0x0000001a   Code   RO         5525    i.SCCB_WriteRegs    dcmi_ov2640.o
    0x08001afa   0x00000002   PAD
    0x08001afc   0x00000200   Code   RO         5672    i.SDRAM_GPIOConfig  32f429_sdram.o
    0x08001cfc   0x0000005c   Code   RO         5673    i.SDRAM_Init        32f429_sdram.o
    0x08001d58   0x000000b4   Code   RO         5674    i.SDRAM_InitSequence  32f429_sdram.o
    0x08001e0c   0x000000c0   Code   RO         5387    i.STM_EVAL_COMInit  stm324x9i_eval.o
    0x08001ecc   0x00000002   Code   RO         5304    i.SVC_Handler       stm32f4xx_it.o
    0x08001ece   0x00000002   PAD
    0x08001ed0   0x000000d0   Code   RO            4    i.SetSysClock       system_stm32f4xx.o
    0x08001fa0   0x00000004   Code   RO         5305    i.SysTick_Handler   stm32f4xx_it.o
    0x08001fa4   0x0000005c   Code   RO            6    i.SystemInit        system_stm32f4xx.o
    0x08002000   0x00000014   Code   RO         5186    i.TimingDelay_Decrement  main.o
    0x08002014   0x00000014   Code   RO         3934    i.USART_Cmd         stm32f4xx_usart.o
    0x08002028   0x0000003c   Code   RO         5474    i.USART_Config      usart.o
    0x08002064   0x0000000e   Code   RO         3937    i.USART_GetFlagStatus  stm32f4xx_usart.o
    0x08002072   0x00000002   PAD
    0x08002074   0x000000ac   Code   RO         3941    i.USART_Init        stm32f4xx_usart.o
    0x08002120   0x00000008   Code   RO         3951    i.USART_SendData    stm32f4xx_usart.o
    0x08002128   0x00000002   Code   RO         5306    i.UsageFault_Handler  stm32f4xx_it.o
    0x0800212a   0x00000002   PAD
    0x0800212c   0x00000020   Code   RO         6140    i.__0printf$5       mc_w.l(printf5.o)
    0x0800214c   0x0000000e   Code   RO         6310    i.__scatterload_copy  mc_w.l(handlers.o)
    0x0800215a   0x00000002   Code   RO         6311    i.__scatterload_null  mc_w.l(handlers.o)
    0x0800215c   0x0000000e   Code   RO         6312    i.__scatterload_zeroinit  mc_w.l(handlers.o)
    0x0800216a   0x00000002   PAD
    0x0800216c   0x000002c0   Code   RO         6147    i._printf_core      mc_w.l(printf5.o)
    0x0800242c   0x00000024   Code   RO         5476    i.fputc             usart.o
    0x08002450   0x0000028c   Code   RO         5187    i.main              main.o
    0x080026dc   0x0000005c   Data   RO         5394    .constdata          stm324x9i_eval.o
    0x08002738   0x000002c7   Data   RO         5526    .constdata          dcmi_ov2640.o
    0x080029ff   0x00000001   PAD
    0x08002a00   0x000011d0   Data   RO         5763    .constdata          32f429_lcd.o
    0x08003bd0   0x00000900   Data   RO         5765    .constdata          32f429_lcd.o
    0x080044d0   0x00000020   Data   RO         6308    Region$$Table       anon$$obj.o


    Execution Region RW_IRAM1 (Base: 0x20000000, Size: 0x00000480, Max: 0x00030000, ABSOLUTE)

    Base Addr    Size         Type   Attr      Idx    E Section Name        Object

    0x20000000   0x00000014   Data   RW            7    .data               system_stm32f4xx.o
    0x20000014   0x00000010   Data   RW         3441    .data               stm32f4xx_rcc.o
    0x20000024   0x00000008   Data   RW         5188    .data               main.o
    0x2000002c   0x00000028   Data   RW         5395    .data               stm324x9i_eval.o
    0x20000054   0x00000004   Data   RW         5636    .data               sccb.o
    0x20000058   0x00000018   Data   RW         5767    .data               32f429_lcd.o
    0x20000070   0x00000008   Data   RW         5769    .data               32f429_lcd.o
    0x20000078   0x00000004   Data   RW         6282    .data               mc_w.l(stdout.o)
    0x2000007c   0x00000004   PAD
    0x20000080   0x00000400   Zero   RW          154    STACK               startup_stm32f429_439xx.o


==============================================================================

Image component sizes


      Code (inc. data)   RO Data    RW Data    ZI Data      Debug   Object Name

      1314        104       6864         32          0      11078   32f429_lcd.o
       784         28          0          0          0       2525   32f429_sdram.o
      1402         98        711          0          0      18420   dcmi_ov2640.o
       692        242          0          8          0     270554   main.o
       120         14          0          0          0      18999   misc.o
       644         42          0          4          0       2915   sccb.o
        36          8        428          0       1024        960   startup_stm32f429_439xx.o
       192          8         92         40          0       5887   stm324x9i_eval.o
       204         40          0          0          0       9144   stm32f4xx_dcmi.o
       396         24          0          0          0      16422   stm32f4xx_dma.o
       240         18          0          0          0       9524   stm32f4xx_dma2d.o
       394          4          0          0          0      18123   stm32f4xx_fmc.o
       194          0          0          0          0       9447   stm32f4xx_gpio.o
       382         22          0          0          0      15781   stm32f4xx_i2c.o
        52          6          0          0          0       4656   stm32f4xx_it.o
       406         30          0          0          0      11305   stm32f4xx_ltdc.o
       452         90          0         16          0      27475   stm32f4xx_rcc.o
       214          8          0          0          0       9932   stm32f4xx_usart.o
       300         36          0         20          0     322333   system_stm32f4xx.o
        96         12          0          0          0       1091   usart.o

    ----------------------------------------------------------------------
      8534        834       8128        120       1024     786571   Object Totals
         0          0         32          0          0          0   (incl. Generated)
        20          0          1          0          0          0   (incl. Padding)

    ----------------------------------------------------------------------

      Code (inc. data)   RO Data    RW Data    ZI Data      Debug   Library Member Name

         0          0          0          0          0          0   entry.o
         0          0          0          0          0          0   entry10a.o
         0          0          0          0          0          0   entry11a.o
         8          4          0          0          0          0   entry2.o
         4          0          0          0          0          0   entry5.o
         0          0          0          0          0          0   entry7b.o
         0          0          0          0          0          0   entry8b.o
         8          4          0          0          0          0   entry9a.o
        30          0          0          0          0          0   handlers.o
        36          8          0          0          0         68   init.o
        30          0          0          0          0         68   llshl.o
        32          0          0          0          0         68   llushr.o
       736         56          0          0          0        184   printf5.o
         0          0          0          4          0          0   stdout.o
        98          0          0          0          0         92   uldiv.o

    ----------------------------------------------------------------------
       986         72          0          4          4        480   Library Totals
         4          0          0          0          4          0   (incl. Padding)

    ----------------------------------------------------------------------

      Code (inc. data)   RO Data    RW Data    ZI Data      Debug   Library Name

       982         72          0          4          0        480   mc_w.l

    ----------------------------------------------------------------------
       986         72          0          4          4        480   Library Totals

    ----------------------------------------------------------------------

==============================================================================


      Code (inc. data)   RO Data    RW Data    ZI Data      Debug   

      9520        906       8128        124       1028     777099   Grand Totals
      9520        906       8128        124       1028     777099   ELF Image Totals
      9520        906       8128        124          0          0   ROM Totals

==============================================================================

    Total RO  Size (Code + RO Data)                17648 (  17.23kB)
    Total RW  Size (RW Data + ZI Data)              1152 (   1.13kB)
    Total ROM Size (Code + RO Data + RW Data)      17772 (  17.36kB)

==============================================================================

