<html>
<body>
<pre>
<h1>µVision Build Log</h1>
<h2>Tool Versions:</h2>
IDE-Version: µVision V5.16a
Copyright (C) 2015 ARM Ltd and ARM Germany GmbH. All rights reserved.
License Information: Taras User, home, LIC=CRMFW-QCZUI-MP4ZP-MI4ZB-IJFC1-WU6P1
 
Tool Versions:
Toolchain:       MDK-ARM Professional  Version: 5.16a
Toolchain Path:  C:\Keil_v5\ARM\ARMCC\Bin
C Compiler:      Armcc.exe V5.06 (build 20)
Assembler:       Armasm.exe V5.06 (build 20)
Linker/Locator:  ArmLink.exe V5.06 (build 20)
Library Manager: ArmAr.exe V5.06 (build 20)
Hex Converter:   FromElf.exe V5.06 (build 20)
CPU DLL:         SARMCM3.DLL V5.16a
Dialog DLL:      DCM.DLL V1.13.2.0
Target DLL:      STLink\ST-LINKIII-KEIL_SWO.dll V2.0.17.0
Dialog DLL:      TCM.DLL V1.14.5.0
 
<h2>Project:</h2>
e:\stm32\STM32F4xx_DSP_StdPeriph_Lib_V1.6.1\Project\OV2640_LCD\MDK-ARM\Project.uvprojx
Project File Date:  12/22/2016

<h2>Output:</h2>
*** Using Compiler 'V5.06 (build 20)', folder: 'C:\Keil_v5\ARM\ARMCC\Bin'
Build target 'STM32F429_439xx'
compiling main.c...
..\main.c(81): warning:  #177-D: variable "i" was declared but never referenced
        uint32_t i=0;
..\main.c(259): warning:  #177-D: variable "j" was declared but never referenced
        uint16_t i,j;   
..\main.c(263): warning:  #177-D: variable "joffs" was declared but never referenced
        uint32_t offs, joffs;
..\main.c: 3 warnings, 0 errors
linking...
Program Size: Code=9520 RO-data=8128 RW-data=124 ZI-data=1028  
".\STM32F429_439xx\STM32F429_439xx.axf" - 0 Error(s), 3 Warning(s).

<h2>Collection of Component include folders:</h2>
  e:\stm32\STM32F4xx_DSP_StdPeriph_Lib_V1.6.1\Project\OV2640_LCD\MDK-ARM\RTE
  C:\Keil_v5\ARM\PACK\Keil\STM32F4xx_DFP\2.11.0\Drivers\CMSIS\Device\ST\STM32F4xx\Include

<h2>Collection of Component Files used:</h2>
Build Time Elapsed:  00:00:04
</pre>
</body>
</html>
